{
    "ForEachLoop.shtk": {
        "moduleName": "ForEachLoop.shtk",
        "functions": {
            "_fn_ForEachLoop_shtk___subscriptItem__": {
                "icode": [
                    {"opcode": "createPointer", "op1": {"type": "tempPtr", "id": 41, "dtype": "int"}, "op2": {"type": "var", "id": 40, "name": "self", "dtype": "struct"}, "op3": {"type": "none"}},
                    {"opcode": "addressAdd", "op1": {"type": "tempPtr", "id": 43, "dtype": "int"}, "op2": {"type": "tempPtr", "id": 41, "dtype": "int"}, "op3": {"type": "bytes", "id": 42, "bytes": 0}},
                    {"opcode": "addressMultiply", "op1": {"type": "tempPtr", "id": 46, "dtype": "void"}, "op2": {"type": "var", "id": 44, "name": "index", "dtype": "ulong"}, "op3": {"type": "bytes", "id": 45, "bytes": 4}},
                    {"opcode": "addressAdd", "op1": {"type": "tempPtr", "id": 47, "dtype": "int"}, "op2": {"type": "tempPtr", "id": 43, "dtype": "int"}, "op3": {"type": "tempPtr", "id": 46, "dtype": "void"}},
                    {"opcode": "read", "op1": {"type": "temp", "id": 48, "dtype": "int"}, "op2": {"type": "tempPtr", "id": 47, "dtype": "int"}, "op3": {"type": "none"}},
                    {"opcode": "equal", "op1": {"type": "returnValue", "id": 39, "dtype": "int"}, "op2": {"type": "temp", "id": 48, "dtype": "int"}, "op3": {"type": "none"}},
                    {"opcode": "return", "op1": {"type": "none"}, "op2": {"type": "none"}, "op3": {"type": "none"}}
                ]
            },
            "_fn_ForEachLoop_shtk_createTestGenerator": {
                "icode": [
                    {"opcode": "createPointer", "op1": {"type": "tempPtr", "id": 5, "dtype": "int"}, "op2": {"type": "var", "id": 4, "name": "g", "dtype": "struct"}, "op3": {"type": "none"}},
                    {"opcode": "addressAdd", "op1": {"type": "tempPtr", "id": 7, "dtype": "int"}, "op2": {"type": "tempPtr", "id": 5, "dtype": "int"}, "op3": {"type": "bytes", "id": 6, "bytes": 0}},
                    {"opcode": "cast", "op1": {"type": "temp", "id": 11, "dtype": "int"}, "op2": {"type": "literal", "id": 8, "dtype": "autoInt", "value": 1}, "op3": {"type": "none"}},
                    {"opcode": "write", "op1": {"type": "tempPtr", "id": 7, "dtype": "int"}, "op2": {"type": "temp", "id": 11, "dtype": "int"}, "op3": {"type": "none"}},
                    {"opcode": "addressAdd", "op1": {"type": "tempPtr", "id": 13, "dtype": "int"}, "op2": {"type": "tempPtr", "id": 7, "dtype": "int"}, "op3": {"type": "bytes", "id": 12, "bytes": 4}},
                    {"opcode": "cast", "op1": {"type": "temp", "id": 14, "dtype": "int"}, "op2": {"type": "literal", "id": 9, "dtype": "autoInt", "value": 2}, "op3": {"type": "none"}},
                    {"opcode": "write", "op1": {"type": "tempPtr", "id": 13, "dtype": "int"}, "op2": {"type": "temp", "id": 14, "dtype": "int"}, "op3": {"type": "none"}},
                    {"opcode": "addressAdd", "op1": {"type": "tempPtr", "id": 16, "dtype": "int"}, "op2": {"type": "tempPtr", "id": 13, "dtype": "int"}, "op3": {"type": "bytes", "id": 15, "bytes": 4}},
                    {"opcode": "cast", "op1": {"type": "temp", "id": 17, "dtype": "int"}, "op2": {"type": "literal", "id": 10, "dtype": "autoInt", "value": 3}, "op3": {"type": "none"}},
                    {"opcode": "write", "op1": {"type": "tempPtr", "id": 16, "dtype": "int"}, "op2": {"type": "temp", "id": 17, "dtype": "int"}, "op3": {"type": "none"}},
                    {"opcode": "createPointer", "op1": {"type": "tempPtr", "id": 20, "dtype": "int"}, "op2": {"type": "var", "id": 19, "name": "g", "dtype": "struct"}, "op3": {"type": "none"}},
                    {"opcode": "addressAdd", "op1": {"type": "tempPtr", "id": 22, "dtype": "int"}, "op2": {"type": "tempPtr", "id": 20, "dtype": "int"}, "op3": {"type": "bytes", "id": 21, "bytes": 0}},
                    {"opcode": "createPointer", "op1": {"type": "tempPtr", "id": 23, "dtype": "int"}, "op2": {"type": "returnValue", "id": 18, "dtype": "struct"}, "op3": {"type": "none"}},
                    {"opcode": "createPointer", "op1": {"type": "tempPtr", "id": 24, "dtype": "int"}, "op2": {"type": "var", "id": 19, "name": "g", "dtype": "struct"}, "op3": {"type": "none"}},
                    {"opcode": "memoryCopy", "op1": {"type": "tempPtr", "id": 23, "dtype": "int"}, "op2": {"type": "tempPtr", "id": 24, "dtype": "int"}, "op3": {"type": "literal", "id": 25, "dtype": "autoInt", "value": 12}},
                    {"opcode": "createPointer", "op1": {"type": "tempPtr", "id": 27, "dtype": "int"}, "op2": {"type": "var", "id": 26, "name": "g", "dtype": "struct"}, "op3": {"type": "none"}},
                    {"opcode": "addressAdd", "op1": {"type": "tempPtr", "id": 29, "dtype": "int"}, "op2": {"type": "tempPtr", "id": 27, "dtype": "int"}, "op3": {"type": "bytes", "id": 28, "bytes": 0}},
                    {"opcode": "return", "op1": {"type": "none"}, "op2": {"type": "none"}, "op3": {"type": "none"}}
                ]
            },
            "_fn_ForEachLoop_shtk_length": {
                "icode": [
                    {"opcode": "cast", "op1": {"type": "temp", "id": 35, "dtype": "ulong"}, "op2": {"type": "literal", "id": 34, "dtype": "autoInt", "value": 3}, "op3": {"type": "none"}},
                    {"opcode": "equal", "op1": {"type": "returnValue", "id": 33, "dtype": "ulong"}, "op2": {"type": "temp", "id": 35, "dtype": "ulong"}, "op3": {"type": "none"}},
                    {"opcode": "return", "op1": {"type": "none"}, "op2": {"type": "none"}, "op3": {"type": "none"}}
                ]
            },
            "main": {
                "icode": [
                    {"opcode": "call", "op1": {"type": "calleeReturnValue", "id": 52, "dtype": "struct"}, "op2": {"type": "var", "id": 53, "name": "_fn_ForEachLoop_shtk_createTestGenerator", "dtype": "struct"}, "op3": {"type": "module", "id": 54, "name": "ForEachLoop.shtk"}},
                    {"opcode": "createPointer", "op1": {"type": "tempPtr", "id": 56, "dtype": "int"}, "op2": {"type": "calleeReturnValue", "id": 52, "dtype": "struct"}, "op3": {"type": "none"}},
                    {"opcode": "addressAdd", "op1": {"type": "tempPtr", "id": 58, "dtype": "int"}, "op2": {"type": "tempPtr", "id": 56, "dtype": "int"}, "op3": {"type": "bytes", "id": 57, "bytes": 0}},
                    {"opcode": "createPointer", "op1": {"type": "tempPtr", "id": 59, "dtype": "int"}, "op2": {"type": "var", "id": 55, "name": "a", "dtype": "struct"}, "op3": {"type": "none"}},
                    {"opcode": "addressAdd", "op1": {"type": "tempPtr", "id": 61, "dtype": "int"}, "op2": {"type": "tempPtr", "id": 59, "dtype": "int"}, "op3": {"type": "bytes", "id": 60, "bytes": 0}},
                    {"opcode": "createPointer", "op1": {"type": "tempPtr", "id": 62, "dtype": "int"}, "op2": {"type": "var", "id": 55, "name": "a", "dtype": "struct"}, "op3": {"type": "none"}},
                    {"opcode": "createPointer", "op1": {"type": "tempPtr", "id": 63, "dtype": "int"}, "op2": {"type": "calleeReturnValue", "id": 52, "dtype": "struct"}, "op3": {"type": "none"}},
                    {"opcode": "memoryCopy", "op1": {"type": "tempPtr", "id": 62, "dtype": "int"}, "op2": {"type": "tempPtr", "id": 63, "dtype": "int"}, "op3": {"type": "literal", "id": 64, "dtype": "autoInt", "value": 12}},
                    {"opcode": "allocPointer", "op1": {"type": "tempPtr", "id": 67, "dtype": "autoInt"}, "op2": {"type": "none"}, "op3": {"type": "none"}},
                    {"opcode": "write", "op1": {"type": "tempPtr", "id": 67, "dtype": "autoInt"}, "op2": {"type": "literal", "id": 68, "dtype": "autoInt", "value": 0}, "op3": {"type": "none"}},
                    {"opcode": "createLabel", "op1": {"type": "label", "id": 69, "name": "_for_each_true_l27_c4"}, "op2": {"type": "none"}, "op3": {"type": "none"}},
                    {"opcode": "createPointer", "op1": {"type": "tempPtr", "id": 73, "dtype": "int"}, "op2": {"type": "var", "id": 65, "name": "a", "dtype": "struct"}, "op3": {"type": "none"}},
                    {"opcode": "passPointer", "op1": {"type": "tempPtr", "id": 73, "dtype": "int"}, "op2": {"type": "var", "id": 74, "name": "_fn_ForEachLoop_shtk_length", "dtype": "ulong"}, "op3": {"type": "module", "id": 75, "name": "ForEachLoop.shtk"}},
                    {"opcode": "call", "op1": {"type": "calleeReturnValue", "id": 76, "dtype": "ulong"}, "op2": {"type": "var", "id": 77, "name": "_fn_ForEachLoop_shtk_length", "dtype": "ulong"}, "op3": {"type": "module", "id": 78, "name": "ForEachLoop.shtk"}},
                    {"opcode": "read", "op1": {"type": "temp", "id": 79, "dtype": "autoInt"}, "op2": {"type": "tempPtr", "id": 67, "dtype": "autoInt"}, "op3": {"type": "none"}},
                    {"opcode": "cast", "op1": {"type": "temp", "id": 80, "dtype": "autoInt"}, "op2": {"type": "calleeReturnValue", "id": 76, "dtype": "ulong"}, "op3": {"type": "none"}},
                    {"opcode": "lessThan", "op1": {"type": "temp", "id": 79, "dtype": "autoInt"}, "op2": {"type": "temp", "id": 80, "dtype": "autoInt"}, "op3": {"type": "none"}},
                    {"opcode": "gotoIfFalse", "op1": {"type": "label", "id": 70, "name": "_for_each_false_l27_c4"}, "op2": {"type": "none"}, "op3": {"type": "none"}},
                    {"opcode": "createPointer", "op1": {"type": "tempPtr", "id": 83, "dtype": "int"}, "op2": {"type": "var", "id": 65, "name": "a", "dtype": "struct"}, "op3": {"type": "none"}},
                    {"opcode": "passPointer", "op1": {"type": "tempPtr", "id": 83, "dtype": "int"}, "op2": {"type": "var", "id": 84, "name": "_fn_ForEachLoop_shtk___subscriptItem__", "dtype": "int"}, "op3": {"type": "module", "id": 85, "name": "ForEachLoop.shtk"}},
                    {"opcode": "read", "op1": {"type": "temp", "id": 86, "dtype": "autoInt"}, "op2": {"type": "tempPtr", "id": 67, "dtype": "autoInt"}, "op3": {"type": "none"}},
                    {"opcode": "cast", "op1": {"type": "temp", "id": 87, "dtype": "ulong"}, "op2": {"type": "temp", "id": 86, "dtype": "autoInt"}, "op3": {"type": "none"}},
                    {"opcode": "pass", "op1": {"type": "temp", "id": 87, "dtype": "ulong"}, "op2": {"type": "var", "id": 88, "name": "_fn_ForEachLoop_shtk___subscriptItem__", "dtype": "int"}, "op3": {"type": "module", "id": 89, "name": "ForEachLoop.shtk"}},
                    {"opcode": "call", "op1": {"type": "calleeReturnValue", "id": 90, "dtype": "int"}, "op2": {"type": "var", "id": 91, "name": "_fn_ForEachLoop_shtk___subscriptItem__", "dtype": "int"}, "op3": {"type": "module", "id": 92, "name": "ForEachLoop.shtk"}},
                    {"opcode": "equal", "op1": {"type": "var", "id": 66, "name": "x", "dtype": "int"}, "op2": {"type": "calleeReturnValue", "id": 90, "dtype": "int"}, "op3": {"type": "none"}},
                    {"opcode": "print", "op1": {"type": "var", "id": 93, "name": "x", "dtype": "int"}, "op2": {"type": "none"}, "op3": {"type": "none"}},
                    {"opcode": "newLine", "op1": {"type": "none"}, "op2": {"type": "none"}, "op3": {"type": "none"}},
                    {"opcode": "createLabel", "op1": {"type": "label", "id": 71, "name": "_for_each_cont_true_l27_c4"}, "op2": {"type": "none"}, "op3": {"type": "none"}},
                    {"opcode": "read", "op1": {"type": "temp", "id": 96, "dtype": "autoInt"}, "op2": {"type": "tempPtr", "id": 67, "dtype": "autoInt"}, "op3": {"type": "none"}},
                    {"opcode": "add", "op1": {"type": "temp", "id": 95, "dtype": "autoInt"}, "op2": {"type": "temp", "id": 96, "dtype": "autoInt"}, "op3": {"type": "literal", "id": 94, "dtype": "autoInt", "value": 1}},
                    {"opcode": "write", "op1": {"type": "tempPtr", "id": 67, "dtype": "autoInt"}, "op2": {"type": "temp", "id": 95, "dtype": "autoInt"}, "op3": {"type": "none"}},
                    {"opcode": "goto", "op1": {"type": "label", "id": 69, "name": "_for_each_true_l27_c4"}, "op2": {"type": "none"}, "op3": {"type": "none"}},
                    {"opcode": "createLabel", "op1": {"type": "label", "id": 70, "name": "_for_each_false_l27_c4"}, "op2": {"type": "none"}, "op3": {"type": "none"}},
                    {"opcode": "cast", "op1": {"type": "temp", "id": 99, "dtype": "int"}, "op2": {"type": "literal", "id": 98, "dtype": "autoInt", "value": 0}, "op3": {"type": "none"}},
                    {"opcode": "equal", "op1": {"type": "returnValue", "id": 97, "dtype": "int"}, "op2": {"type": "temp", "id": 99, "dtype": "int"}, "op3": {"type": "none"}},
                    {"opcode": "createPointer", "op1": {"type": "tempPtr", "id": 101, "dtype": "int"}, "op2": {"type": "var", "id": 100, "name": "a", "dtype": "struct"}, "op3": {"type": "none"}},
                    {"opcode": "addressAdd", "op1": {"type": "tempPtr", "id": 103, "dtype": "int"}, "op2": {"type": "tempPtr", "id": 101, "dtype": "int"}, "op3": {"type": "bytes", "id": 102, "bytes": 0}},
                    {"opcode": "return", "op1": {"type": "none"}, "op2": {"type": "none"}, "op3": {"type": "none"}}
                ]
            }
        }
    }
}