{
    "TestArrayTypeDecay.shtk": {
        "moduleName": "TestArrayTypeDecay.shtk",
        "functions": {
            "main": {
                "icode": [
                    {"opcode": "createPointer", "op1": {"type": "tempPtr", "id": 9, "dtype": "int"}, "op2": {"type": "var", "id": 8, "name": "a", "dtype": "int"}, "op3": {"type": "none"}},
                    {"opcode": "cast", "op1": {"type": "temp", "id": 10, "dtype": "int"}, "op2": {"type": "literal", "id": 3, "dtype": "autoInt", "value": 5}, "op3": {"type": "none"}},
                    {"opcode": "write", "op1": {"type": "tempPtr", "id": 9, "dtype": "int"}, "op2": {"type": "temp", "id": 10, "dtype": "int"}, "op3": {"type": "none"}},
                    {"opcode": "addressAdd", "op1": {"type": "tempPtr", "id": 12, "dtype": "int"}, "op2": {"type": "tempPtr", "id": 9, "dtype": "int"}, "op3": {"type": "bytes", "id": 11, "bytes": 4}},
                    {"opcode": "cast", "op1": {"type": "temp", "id": 13, "dtype": "int"}, "op2": {"type": "literal", "id": 4, "dtype": "autoInt", "value": 3}, "op3": {"type": "none"}},
                    {"opcode": "write", "op1": {"type": "tempPtr", "id": 12, "dtype": "int"}, "op2": {"type": "temp", "id": 13, "dtype": "int"}, "op3": {"type": "none"}},
                    {"opcode": "addressAdd", "op1": {"type": "tempPtr", "id": 15, "dtype": "int"}, "op2": {"type": "tempPtr", "id": 12, "dtype": "int"}, "op3": {"type": "bytes", "id": 14, "bytes": 4}},
                    {"opcode": "cast", "op1": {"type": "temp", "id": 16, "dtype": "int"}, "op2": {"type": "literal", "id": 5, "dtype": "autoInt", "value": 4}, "op3": {"type": "none"}},
                    {"opcode": "write", "op1": {"type": "tempPtr", "id": 15, "dtype": "int"}, "op2": {"type": "temp", "id": 16, "dtype": "int"}, "op3": {"type": "none"}},
                    {"opcode": "addressAdd", "op1": {"type": "tempPtr", "id": 18, "dtype": "int"}, "op2": {"type": "tempPtr", "id": 15, "dtype": "int"}, "op3": {"type": "bytes", "id": 17, "bytes": 4}},
                    {"opcode": "cast", "op1": {"type": "temp", "id": 19, "dtype": "int"}, "op2": {"type": "literal", "id": 6, "dtype": "autoInt", "value": 1}, "op3": {"type": "none"}},
                    {"opcode": "write", "op1": {"type": "tempPtr", "id": 18, "dtype": "int"}, "op2": {"type": "temp", "id": 19, "dtype": "int"}, "op3": {"type": "none"}},
                    {"opcode": "addressAdd", "op1": {"type": "tempPtr", "id": 21, "dtype": "int"}, "op2": {"type": "tempPtr", "id": 18, "dtype": "int"}, "op3": {"type": "bytes", "id": 20, "bytes": 4}},
                    {"opcode": "cast", "op1": {"type": "temp", "id": 22, "dtype": "int"}, "op2": {"type": "literal", "id": 7, "dtype": "autoInt", "value": 2}, "op3": {"type": "none"}},
                    {"opcode": "write", "op1": {"type": "tempPtr", "id": 21, "dtype": "int"}, "op2": {"type": "temp", "id": 22, "dtype": "int"}, "op3": {"type": "none"}},
                    {"opcode": "createPointer", "op1": {"type": "tempPtr", "id": 25, "dtype": "int"}, "op2": {"type": "var", "id": 23, "name": "a", "dtype": "int"}, "op3": {"type": "none"}},
                    {"opcode": "addressMultiply", "op1": {"type": "tempPtr", "id": 27, "dtype": "void"}, "op2": {"type": "literal", "id": 24, "dtype": "autoInt", "value": 0}, "op3": {"type": "bytes", "id": 26, "bytes": 4}},
                    {"opcode": "addressAdd", "op1": {"type": "tempPtr", "id": 28, "dtype": "int"}, "op2": {"type": "tempPtr", "id": 25, "dtype": "int"}, "op3": {"type": "tempPtr", "id": 27, "dtype": "void"}},
                    {"opcode": "read", "op1": {"type": "temp", "id": 29, "dtype": "int"}, "op2": {"type": "tempPtr", "id": 28, "dtype": "int"}, "op3": {"type": "none"}},
                    {"opcode": "print", "op1": {"type": "temp", "id": 29, "dtype": "int"}, "op2": {"type": "none"}, "op3": {"type": "none"}},
                    {"opcode": "newLine", "op1": {"type": "none"}, "op2": {"type": "none"}, "op3": {"type": "none"}},
                    {"opcode": "createPointer", "op1": {"type": "tempPtr", "id": 32, "dtype": "int"}, "op2": {"type": "var", "id": 30, "name": "a", "dtype": "int"}, "op3": {"type": "none"}},
                    {"opcode": "addressMultiply", "op1": {"type": "tempPtr", "id": 34, "dtype": "void"}, "op2": {"type": "literal", "id": 31, "dtype": "autoInt", "value": 1}, "op3": {"type": "bytes", "id": 33, "bytes": 4}},
                    {"opcode": "addressAdd", "op1": {"type": "tempPtr", "id": 35, "dtype": "int"}, "op2": {"type": "tempPtr", "id": 32, "dtype": "int"}, "op3": {"type": "tempPtr", "id": 34, "dtype": "void"}},
                    {"opcode": "read", "op1": {"type": "temp", "id": 36, "dtype": "int"}, "op2": {"type": "tempPtr", "id": 35, "dtype": "int"}, "op3": {"type": "none"}},
                    {"opcode": "print", "op1": {"type": "temp", "id": 36, "dtype": "int"}, "op2": {"type": "none"}, "op3": {"type": "none"}},
                    {"opcode": "newLine", "op1": {"type": "none"}, "op2": {"type": "none"}, "op3": {"type": "none"}},
                    {"opcode": "createPointer", "op1": {"type": "tempPtr", "id": 39, "dtype": "int"}, "op2": {"type": "var", "id": 37, "name": "a", "dtype": "int"}, "op3": {"type": "none"}},
                    {"opcode": "addressMultiply", "op1": {"type": "tempPtr", "id": 41, "dtype": "void"}, "op2": {"type": "literal", "id": 38, "dtype": "autoInt", "value": 2}, "op3": {"type": "bytes", "id": 40, "bytes": 4}},
                    {"opcode": "addressAdd", "op1": {"type": "tempPtr", "id": 42, "dtype": "int"}, "op2": {"type": "tempPtr", "id": 39, "dtype": "int"}, "op3": {"type": "tempPtr", "id": 41, "dtype": "void"}},
                    {"opcode": "read", "op1": {"type": "temp", "id": 43, "dtype": "int"}, "op2": {"type": "tempPtr", "id": 42, "dtype": "int"}, "op3": {"type": "none"}},
                    {"opcode": "print", "op1": {"type": "temp", "id": 43, "dtype": "int"}, "op2": {"type": "none"}, "op3": {"type": "none"}},
                    {"opcode": "newLine", "op1": {"type": "none"}, "op2": {"type": "none"}, "op3": {"type": "none"}},
                    {"opcode": "createPointer", "op1": {"type": "tempPtr", "id": 46, "dtype": "int"}, "op2": {"type": "var", "id": 44, "name": "a", "dtype": "int"}, "op3": {"type": "none"}},
                    {"opcode": "addressMultiply", "op1": {"type": "tempPtr", "id": 48, "dtype": "void"}, "op2": {"type": "literal", "id": 45, "dtype": "autoInt", "value": 3}, "op3": {"type": "bytes", "id": 47, "bytes": 4}},
                    {"opcode": "addressAdd", "op1": {"type": "tempPtr", "id": 49, "dtype": "int"}, "op2": {"type": "tempPtr", "id": 46, "dtype": "int"}, "op3": {"type": "tempPtr", "id": 48, "dtype": "void"}},
                    {"opcode": "read", "op1": {"type": "temp", "id": 50, "dtype": "int"}, "op2": {"type": "tempPtr", "id": 49, "dtype": "int"}, "op3": {"type": "none"}},
                    {"opcode": "print", "op1": {"type": "temp", "id": 50, "dtype": "int"}, "op2": {"type": "none"}, "op3": {"type": "none"}},
                    {"opcode": "newLine", "op1": {"type": "none"}, "op2": {"type": "none"}, "op3": {"type": "none"}},
                    {"opcode": "createPointer", "op1": {"type": "tempPtr", "id": 53, "dtype": "int"}, "op2": {"type": "var", "id": 51, "name": "a", "dtype": "int"}, "op3": {"type": "none"}},
                    {"opcode": "addressMultiply", "op1": {"type": "tempPtr", "id": 55, "dtype": "void"}, "op2": {"type": "literal", "id": 52, "dtype": "autoInt", "value": 4}, "op3": {"type": "bytes", "id": 54, "bytes": 4}},
                    {"opcode": "addressAdd", "op1": {"type": "tempPtr", "id": 56, "dtype": "int"}, "op2": {"type": "tempPtr", "id": 53, "dtype": "int"}, "op3": {"type": "tempPtr", "id": 55, "dtype": "void"}},
                    {"opcode": "read", "op1": {"type": "temp", "id": 57, "dtype": "int"}, "op2": {"type": "tempPtr", "id": 56, "dtype": "int"}, "op3": {"type": "none"}},
                    {"opcode": "print", "op1": {"type": "temp", "id": 57, "dtype": "int"}, "op2": {"type": "none"}, "op3": {"type": "none"}},
                    {"opcode": "newLine", "op1": {"type": "none"}, "op2": {"type": "none"}, "op3": {"type": "none"}},
                    {"opcode": "pointerCast", "op1": {"type": "tempPtr", "id": 60, "dtype": "int"}, "op2": {"type": "literal", "id": 59, "dtype": "autoInt", "value": 0}, "op3": {"type": "none"}},
                    {"opcode": "pointerAssign", "op1": {"type": "ptr", "id": 58, "name": "b", "dtype": "int"}, "op2": {"type": "tempPtr", "id": 60, "dtype": "int"}, "op3": {"type": "none"}},
                    {"opcode": "pointerAssign", "op1": {"type": "ptr", "id": 58, "name": "b", "dtype": "int"}, "op2": {"type": "var", "id": 61, "name": "a", "dtype": "int"}, "op3": {"type": "none"}},
                    {"opcode": "addressMultiply", "op1": {"type": "tempPtr", "id": 65, "dtype": "void"}, "op2": {"type": "literal", "id": 63, "dtype": "autoInt", "value": 0}, "op3": {"type": "bytes", "id": 64, "bytes": 4}},
                    {"opcode": "addressAdd", "op1": {"type": "tempPtr", "id": 66, "dtype": "int"}, "op2": {"type": "ptr", "id": 62, "name": "b", "dtype": "int"}, "op3": {"type": "tempPtr", "id": 65, "dtype": "void"}},
                    {"opcode": "read", "op1": {"type": "temp", "id": 67, "dtype": "int"}, "op2": {"type": "tempPtr", "id": 66, "dtype": "int"}, "op3": {"type": "none"}},
                    {"opcode": "print", "op1": {"type": "temp", "id": 67, "dtype": "int"}, "op2": {"type": "none"}, "op3": {"type": "none"}},
                    {"opcode": "newLine", "op1": {"type": "none"}, "op2": {"type": "none"}, "op3": {"type": "none"}},
                    {"opcode": "addressMultiply", "op1": {"type": "tempPtr", "id": 71, "dtype": "void"}, "op2": {"type": "literal", "id": 69, "dtype": "autoInt", "value": 1}, "op3": {"type": "bytes", "id": 70, "bytes": 4}},
                    {"opcode": "addressAdd", "op1": {"type": "tempPtr", "id": 72, "dtype": "int"}, "op2": {"type": "ptr", "id": 68, "name": "b", "dtype": "int"}, "op3": {"type": "tempPtr", "id": 71, "dtype": "void"}},
                    {"opcode": "read", "op1": {"type": "temp", "id": 73, "dtype": "int"}, "op2": {"type": "tempPtr", "id": 72, "dtype": "int"}, "op3": {"type": "none"}},
                    {"opcode": "print", "op1": {"type": "temp", "id": 73, "dtype": "int"}, "op2": {"type": "none"}, "op3": {"type": "none"}},
                    {"opcode": "newLine", "op1": {"type": "none"}, "op2": {"type": "none"}, "op3": {"type": "none"}},
                    {"opcode": "addressMultiply", "op1": {"type": "tempPtr", "id": 77, "dtype": "void"}, "op2": {"type": "literal", "id": 75, "dtype": "autoInt", "value": 2}, "op3": {"type": "bytes", "id": 76, "bytes": 4}},
                    {"opcode": "addressAdd", "op1": {"type": "tempPtr", "id": 78, "dtype": "int"}, "op2": {"type": "ptr", "id": 74, "name": "b", "dtype": "int"}, "op3": {"type": "tempPtr", "id": 77, "dtype": "void"}},
                    {"opcode": "read", "op1": {"type": "temp", "id": 79, "dtype": "int"}, "op2": {"type": "tempPtr", "id": 78, "dtype": "int"}, "op3": {"type": "none"}},
                    {"opcode": "print", "op1": {"type": "temp", "id": 79, "dtype": "int"}, "op2": {"type": "none"}, "op3": {"type": "none"}},
                    {"opcode": "newLine", "op1": {"type": "none"}, "op2": {"type": "none"}, "op3": {"type": "none"}},
                    {"opcode": "addressMultiply", "op1": {"type": "tempPtr", "id": 83, "dtype": "void"}, "op2": {"type": "literal", "id": 81, "dtype": "autoInt", "value": 3}, "op3": {"type": "bytes", "id": 82, "bytes": 4}},
                    {"opcode": "addressAdd", "op1": {"type": "tempPtr", "id": 84, "dtype": "int"}, "op2": {"type": "ptr", "id": 80, "name": "b", "dtype": "int"}, "op3": {"type": "tempPtr", "id": 83, "dtype": "void"}},
                    {"opcode": "read", "op1": {"type": "temp", "id": 85, "dtype": "int"}, "op2": {"type": "tempPtr", "id": 84, "dtype": "int"}, "op3": {"type": "none"}},
                    {"opcode": "print", "op1": {"type": "temp", "id": 85, "dtype": "int"}, "op2": {"type": "none"}, "op3": {"type": "none"}},
                    {"opcode": "newLine", "op1": {"type": "none"}, "op2": {"type": "none"}, "op3": {"type": "none"}},
                    {"opcode": "addressMultiply", "op1": {"type": "tempPtr", "id": 89, "dtype": "void"}, "op2": {"type": "literal", "id": 87, "dtype": "autoInt", "value": 4}, "op3": {"type": "bytes", "id": 88, "bytes": 4}},
                    {"opcode": "addressAdd", "op1": {"type": "tempPtr", "id": 90, "dtype": "int"}, "op2": {"type": "ptr", "id": 86, "name": "b", "dtype": "int"}, "op3": {"type": "tempPtr", "id": 89, "dtype": "void"}},
                    {"opcode": "read", "op1": {"type": "temp", "id": 91, "dtype": "int"}, "op2": {"type": "tempPtr", "id": 90, "dtype": "int"}, "op3": {"type": "none"}},
                    {"opcode": "print", "op1": {"type": "temp", "id": 91, "dtype": "int"}, "op2": {"type": "none"}, "op3": {"type": "none"}},
                    {"opcode": "newLine", "op1": {"type": "none"}, "op2": {"type": "none"}, "op3": {"type": "none"}},
                    {"opcode": "cast", "op1": {"type": "temp", "id": 94, "dtype": "int"}, "op2": {"type": "literal", "id": 93, "dtype": "autoInt", "value": 0}, "op3": {"type": "none"}},
                    {"opcode": "equal", "op1": {"type": "returnValue", "id": 92, "dtype": "int"}, "op2": {"type": "temp", "id": 94, "dtype": "int"}, "op3": {"type": "none"}},
                    {"opcode": "return", "op1": {"type": "none"}, "op2": {"type": "none"}, "op3": {"type": "none"}}
                ]
            }
        }
    }
}