{
    "moduleName": "AliasGlobalSameName.shtk",
    "functions": {
        "main": {
            "icode": [
                    ubyte* tempPtr5 = createPointer ubyte _fn_AliasGlobalSameName_shtk_string
                    ubyte* tempPtr6 = createPointer stringData _str_AliasGlobalSameName_shtk__l9_c13
                    ubyte* tempPtr5 = memoryCopy ubyte* tempPtr6, autoInt 6
                    printString ubyte _fn_AliasGlobalSameName_shtk_string
                    newLine
                    int temp11 = cast autoInt 0
                    int returnValue9 = equal int temp11
                    return
            ]
        }
    }
}