{
    "MultiDimensionalIndex.shtk": {
        "moduleName": "MultiDimensionalIndex.shtk",
        "functions": {
            "main": {
                "icode": [
                        int* tempPtr13 = createPointer int a
                        int temp14 = cast autoInt 1
                        int* tempPtr13 = write int temp14
                        int* tempPtr16 = addressAdd int* tempPtr13, bytes 4
                        int temp17 = cast autoInt 2
                        int* tempPtr16 = write int temp17
                        int* tempPtr19 = addressAdd int* tempPtr16, bytes 4
                        int temp20 = cast autoInt 3
                        int* tempPtr19 = write int temp20
                        int* tempPtr22 = addressAdd int* tempPtr19, bytes 4
                        int temp23 = cast autoInt 4
                        int* tempPtr22 = write int temp23
                        int* tempPtr25 = addressAdd int* tempPtr22, bytes 4
                        int temp26 = cast autoInt 5
                        int* tempPtr25 = write int temp26
                        int* tempPtr28 = addressAdd int* tempPtr25, bytes 4
                        int temp29 = cast autoInt 6
                        int* tempPtr28 = write int temp29
                        int* tempPtr31 = addressAdd int* tempPtr28, bytes 4
                        int temp32 = cast autoInt 7
                        int* tempPtr31 = write int temp32
                        int* tempPtr34 = addressAdd int* tempPtr31, bytes 4
                        int temp35 = cast autoInt 8
                        int* tempPtr34 = write int temp35
                        int* tempPtr37 = addressAdd int* tempPtr34, bytes 4
                        int temp38 = cast autoInt 9
                        int* tempPtr37 = write int temp38
                        int temp41 = cast autoInt 0
                        int i = equal int temp41
                    _for_true_l15_c4:
                        int temp47 = cast autoInt 3
                        flag = lessThan int i, int temp47
                        if(not flag) goto _for_false_l15_c4
                        int temp50 = cast autoInt 0
                        int j = equal int temp50
                    _for_true_l16_c8:
                        int temp56 = cast autoInt 3
                        flag = lessThan int j, int temp56
                        if(not flag) goto _for_false_l16_c8
                        int* tempPtr60 = createPointer int a
                        void* tempPtr62 = addressMultiply int i, bytes 12
                        int* tempPtr63 = addressAdd int* tempPtr60, void* tempPtr62
                        void* tempPtr65 = addressMultiply int j, bytes 4
                        int* tempPtr66 = addressAdd int* tempPtr63, void* tempPtr65
                        int temp67 = read int* tempPtr66
                        print int temp67
                        newLine
                    _for_cont_true_l16_c8:
                        int temp71 = cast autoInt 1
                        int temp70 = add int j, int temp71
                        int j = equal int temp70
                        goto _for_true_l16_c8
                    _for_false_l16_c8:
                    _for_cont_true_l15_c4:
                        int temp75 = cast autoInt 1
                        int temp74 = add int i, int temp75
                        int i = equal int temp74
                        goto _for_true_l15_c4
                    _for_false_l15_c4:
                        int temp78 = cast autoInt 0
                        int returnValue76 = equal int temp78
                        return
                ]
            }
        }
    }
}