{
    "PythagoreanTriplets.shtk": {
        "moduleName": "PythagoreanTriplets.shtk",
        "functions": {
            "main": {
                "icode": [
                        int temp5 = cast autoInt 1
                        int i = equal int temp5
                    _for_true_l6_c4:
                        int temp11 = cast autoInt 10
                        flag = lessThanOrEqualTo int i, int temp11
                        if(not flag) goto _for_false_l6_c4
                        int j = equal int i
                    _for_true_l7_c8:
                        int temp19 = cast autoInt 10
                        flag = lessThanOrEqualTo int j, int temp19
                        if(not flag) goto _for_false_l7_c8
                        int temp22 = cast autoInt 1
                        int k = equal int temp22
                    _for_true_l8_c12:
                        int temp28 = cast autoInt 10
                        flag = lessThanOrEqualTo int k, int temp28
                        if(not flag) goto _for_false_l8_c12
                        int temp34 = multiply int k, int k
                        int temp37 = multiply int i, int i
                        int temp40 = multiply int j, int j
                        int temp41 = add int temp37, int temp40
                        flag = isEqual int temp34, int temp41
                        if(not flag) goto _if_false_l9_c16
                        print int i
                        space
                        print int j
                        space
                        print int k
                        newLine
                    _if_false_l9_c16:
                    _for_cont_true_l8_c12:
                        int temp48 = cast autoInt 1
                        int temp47 = add int k, int temp48
                        int k = equal int temp47
                        goto _for_true_l8_c12
                    _for_false_l8_c12:
                    _for_cont_true_l7_c8:
                        int temp52 = cast autoInt 1
                        int temp51 = add int j, int temp52
                        int j = equal int temp51
                        goto _for_true_l7_c8
                    _for_false_l7_c8:
                    _for_cont_true_l6_c4:
                        int temp56 = cast autoInt 1
                        int temp55 = add int i, int temp56
                        int i = equal int temp55
                        goto _for_true_l6_c4
                    _for_false_l6_c4:
                        int temp59 = cast autoInt 0
                        int returnValue57 = equal int temp59
                        return
                ]
            }
        }
    }
}