{
    "RandomGenericFuncNested.shtk": {
        "moduleName": "RandomGenericFuncNested.shtk",
        "functions": {
            "main": {
                "icode": [
                        int temp9 = cast autoInt 1
                        pass int temp9, void _fn_TestModules_RandomGenericFuncNested_shtk[int][float][double]_randomFuncNested, module TestModules/RandomGenericFuncNested.shtk[int][float][double]
                        float temp12 = cast autoFloat 2.300000
                        pass float temp12, void _fn_TestModules_RandomGenericFuncNested_shtk[int][float][double]_randomFuncNested, module TestModules/RandomGenericFuncNested.shtk[int][float][double]
                        double temp15 = cast autoFloat 2.300000
                        pass double temp15, void _fn_TestModules_RandomGenericFuncNested_shtk[int][float][double]_randomFuncNested, module TestModules/RandomGenericFuncNested.shtk[int][float][double]
                        void calleeReturnValue18 = call void _fn_TestModules_RandomGenericFuncNested_shtk[int][float][double]_randomFuncNested, module TestModules/RandomGenericFuncNested.shtk[int][float][double]
                        int temp23 = cast autoInt 0
                        int returnValue21 = equal int temp23
                        return
                ]
            }
        }
    },
    "TestModules/List.shtk[int]": {
        "moduleName": "TestModules/List.shtk[int]",
        "functions": {
            "_fn_TestModules_List_shtk[int]_appendArray": {
                "icode": [
                        int* tempPtr201 = createPointer struct self
                        int* tempPtr203 = addressAdd int* tempPtr201, bytes 12
                        int temp206 = read int* tempPtr203
                        int temp205 = add int temp206, int len
                        int newLen = equal int temp205
                        int* tempPtr211 = createPointer struct self
                        int* tempPtr213 = addressAdd int* tempPtr211, bytes 8
                        int temp215 = read int* tempPtr213
                        flag = lessThan int temp215, int newLen
                        if(not flag) goto _if_false_l59_c4
                        int temp222 = cast autoInt 2
                        int temp221 = multiply int newLen, int temp222
                        int* tempPtr225 = createPointer struct self
                        passPointer int* tempPtr225, void _fn_TestModules_List_shtk[int]_expand, module TestModules/List.shtk[int]
                        pass int temp221, void _fn_TestModules_List_shtk[int]_expand, module TestModules/List.shtk[int]
                        void calleeReturnValue230 = call void _fn_TestModules_List_shtk[int]_expand, module TestModules/List.shtk[int]
                    _if_false_l59_c4:
                        int* tempPtr234 = createPointer struct self
                        int** tempPtrPtr236 = addressAdd int* tempPtr234, bytes 0
                        int* tempPtr244 = createPointer struct self
                        int* tempPtr246 = addressAdd int* tempPtr244, bytes 12
                        passPointerPointer int** tempPtrPtr236, void _fn_TestModules_List_shtk[int]_copy, module TestModules/List.shtk[int]
                        passPointer int* items, void _fn_TestModules_List_shtk[int]_copy, module TestModules/List.shtk[int]
                        pass int len, void _fn_TestModules_List_shtk[int]_copy, module TestModules/List.shtk[int]
                        int temp257 = read int* tempPtr246
                        pass int temp257, void _fn_TestModules_List_shtk[int]_copy, module TestModules/List.shtk[int]
                        void calleeReturnValue260 = call void _fn_TestModules_List_shtk[int]_copy, module TestModules/List.shtk[int]
                        int* tempPtr264 = createPointer struct self
                        int* tempPtr266 = addressAdd int* tempPtr264, bytes 12
                        int* tempPtr266 = write int newLen
                        return
                ]
            },
            "_fn_TestModules_List_shtk[int]_appendElement": {
                "icode": [
                        int* tempPtr281 = createPointer struct self
                        passPointer int* tempPtr281, void _fn_TestModules_List_shtk[int]_appendArray, module TestModules/List.shtk[int]
                        int* tempPtr284 = allocArrayPointer bytes 4
                        int* tempPtr284 = write int item
                        passPointer int* tempPtr284, void _fn_TestModules_List_shtk[int]_appendArray, module TestModules/List.shtk[int]
                        int temp288 = cast autoInt 1
                        pass int temp288, void _fn_TestModules_List_shtk[int]_appendArray, module TestModules/List.shtk[int]
                        void calleeReturnValue291 = call void _fn_TestModules_List_shtk[int]_appendArray, module TestModules/List.shtk[int]
                        return
                ]
            },
            "_fn_TestModules_List_shtk[int]_at": {
                "icode": [
                        int* tempPtr311 = createPointer struct self
                        int* tempPtr313 = addressAdd int* tempPtr311, bytes 12
                        int temp314 = read int* tempPtr313
                        flag = greaterThanOrEqualTo int index, int temp314
                        if(not flag) goto _if_false_l79_c4
                        struct calleeReturnValue316 = call struct _fn_TestModules_ResultGeneric_shtk[int]_error, module TestModules/ResultGeneric.shtk[int]
                        byte* tempPtr319 = createPointer struct returnValue315
                        byte* tempPtr320 = createPointer struct calleeReturnValue316
                        byte* tempPtr319 = memoryCopy byte* tempPtr320, autoInt 5
                        return
                    _if_false_l79_c4:
                        int* tempPtr324 = createPointer struct self
                        int** tempPtrPtr326 = addressAdd int* tempPtr324, bytes 0
                        void* tempPtr329 = addressMultiply int index, bytes 4
                        int* tempPtr330 = addressAdd int** tempPtrPtr326, void* tempPtr329
                        int temp332 = read int* tempPtr330
                        pass int temp332, struct _fn_TestModules_ResultGeneric_shtk[int]_success, module TestModules/ResultGeneric.shtk[int]
                        struct calleeReturnValue335 = call struct _fn_TestModules_ResultGeneric_shtk[int]_success, module TestModules/ResultGeneric.shtk[int]
                        byte* tempPtr338 = createPointer struct returnValue322
                        byte* tempPtr339 = createPointer struct calleeReturnValue335
                        byte* tempPtr338 = memoryCopy byte* tempPtr339, autoInt 5
                        return
                ]
            },
            "_fn_TestModules_List_shtk[int]_copy": {
                "icode": [
                        int temp5 = cast autoInt 0
                        int i = equal int temp5
                    _for_true_l11_c4:
                        flag = lessThan int i, int len
                        if(not flag) goto _for_false_l11_c4
                        int temp14 = add int i, int destOffset
                        void* tempPtr16 = addressMultiply int temp14, bytes 4
                        int* tempPtr17 = addressAdd int* dest, void* tempPtr16
                        void* tempPtr21 = addressMultiply int i, bytes 4
                        int* tempPtr22 = addressAdd int* src, void* tempPtr21
                        int temp23 = read int* tempPtr22
                        int* tempPtr17 = write int temp23
                    _for_cont_true_l11_c4:
                        int temp27 = cast autoInt 1
                        int temp26 = add int i, int temp27
                        int i = equal int temp26
                        goto _for_true_l11_c4
                    _for_false_l11_c4:
                        return
                ]
            },
            "_fn_TestModules_List_shtk[int]_createList": {
                "icode": [
                        int* tempPtr99 = createPointer struct result
                        passPointer int* tempPtr99, void _fn_TestModules_List_shtk[int]_init, module TestModules/List.shtk[int]
                        passPointer int* items, void _fn_TestModules_List_shtk[int]_init, module TestModules/List.shtk[int]
                        pass int len, void _fn_TestModules_List_shtk[int]_init, module TestModules/List.shtk[int]
                        void calleeReturnValue106 = call void _fn_TestModules_List_shtk[int]_init, module TestModules/List.shtk[int]
                        int* tempPtr111 = createPointer struct returnValue109
                        int* tempPtr112 = createPointer struct result
                        int* tempPtr111 = memoryCopy int* tempPtr112, autoInt 16
                        return
                ]
            },
            "_fn_TestModules_List_shtk[int]_expand": {
                "icode": [
                        int* tempPtr123 = createPointer struct self
                        int* tempPtr125 = addressAdd int* tempPtr123, bytes 8
                        int temp126 = read int* tempPtr125
                        flag = lessThanOrEqualTo int cap, int temp126
                        if(not flag) goto _if_false_l43_c4
                        return
                    _if_false_l43_c4:
                        int* tempPtr130 = createPointer struct self
                        int** tempPtrPtr132 = addressAdd int* tempPtr130, bytes 0
                        int* oldItems = pointerAssign int** tempPtrPtr132
                        int* tempPtr134 = createPointer struct self
                        int** tempPtrPtr136 = addressAdd int* tempPtr134, bytes 0
                        autoInt temp140 = cast int cap
                        autoInt temp139 = multiply autoInt 4, autoInt temp140
                        int temp143 = cast autoInt temp139
                        pass int temp143, ubyte malloc, module TestModules/List.shtk[int]
                        ubyte* calleeReturnPointer146 = call ubyte malloc, module TestModules/List.shtk[int]
                        int* tempPtr149 = pointerCast ubyte* calleeReturnPointer146
                        int** tempPtrPtr136 = pointerAssign int* tempPtr149
                        int* tempPtr151 = createPointer struct self
                        int** tempPtrPtr153 = addressAdd int* tempPtr151, bytes 0
                        int* tempPtr160 = createPointer struct self
                        int* tempPtr162 = addressAdd int* tempPtr160, bytes 8
                        passPointerPointer int** tempPtrPtr153, void _fn_TestModules_List_shtk[int]_copy, module TestModules/List.shtk[int]
                        passPointer int* oldItems, void _fn_TestModules_List_shtk[int]_copy, module TestModules/List.shtk[int]
                        int temp172 = read int* tempPtr162
                        pass int temp172, void _fn_TestModules_List_shtk[int]_copy, module TestModules/List.shtk[int]
                        int temp175 = cast autoInt 0
                        pass int temp175, void _fn_TestModules_List_shtk[int]_copy, module TestModules/List.shtk[int]
                        void calleeReturnValue178 = call void _fn_TestModules_List_shtk[int]_copy, module TestModules/List.shtk[int]
                        int* tempPtr182 = createPointer struct self
                        int* tempPtr184 = addressAdd int* tempPtr182, bytes 8
                        int* tempPtr184 = write int cap
                        ubyte* tempPtr187 = pointerCast int* oldItems
                        passPointer ubyte* tempPtr187, void free, module TestModules/List.shtk[int]
                        void calleeReturnValue192 = call void free, module TestModules/List.shtk[int]
                        return
                ]
            },
            "_fn_TestModules_List_shtk[int]_init": {
                "icode": [
                        int* tempPtr33 = createPointer struct self
                        int* tempPtr35 = addressAdd int* tempPtr33, bytes 12
                        int* tempPtr35 = write int len
                        int* tempPtr38 = createPointer struct self
                        int* tempPtr40 = addressAdd int* tempPtr38, bytes 8
                        int* tempPtr40 = write int len
                        int* tempPtr43 = createPointer struct self
                        int** tempPtrPtr45 = addressAdd int* tempPtr43, bytes 0
                        autoInt temp49 = cast int len
                        autoInt temp48 = multiply autoInt 4, autoInt temp49
                        int temp52 = cast autoInt temp48
                        pass int temp52, ubyte malloc, module TestModules/List.shtk[int]
                        ubyte* calleeReturnPointer55 = call ubyte malloc, module TestModules/List.shtk[int]
                        int* tempPtr58 = pointerCast ubyte* calleeReturnPointer55
                        int** tempPtrPtr45 = pointerAssign int* tempPtr58
                        int* tempPtr60 = createPointer struct self
                        int** tempPtrPtr62 = addressAdd int* tempPtr60, bytes 0
                        passPointerPointer int** tempPtrPtr62, void _fn_TestModules_List_shtk[int]_copy, module TestModules/List.shtk[int]
                        passPointer int* items, void _fn_TestModules_List_shtk[int]_copy, module TestModules/List.shtk[int]
                        pass int len, void _fn_TestModules_List_shtk[int]_copy, module TestModules/List.shtk[int]
                        int temp80 = cast autoInt 0
                        pass int temp80, void _fn_TestModules_List_shtk[int]_copy, module TestModules/List.shtk[int]
                        void calleeReturnValue83 = call void _fn_TestModules_List_shtk[int]_copy, module TestModules/List.shtk[int]
                        return
                ]
            },
            "_fn_TestModules_List_shtk[int]_len": {
                "icode": [
                        int* tempPtr299 = createPointer struct self
                        int* tempPtr301 = addressAdd int* tempPtr299, bytes 12
                        int temp302 = read int* tempPtr301
                        int returnValue297 = equal int temp302
                        return
                ]
            }
        }
    },
    "TestModules/RandomGenericFunc.shtk[int][float][double]": {
        "moduleName": "TestModules/RandomGenericFunc.shtk[int][float][double]",
        "functions": {
            "_fn_TestModules_RandomGenericFunc_shtk[int][float][double]_randomFunc": {
                "icode": [
                        int temp5 = cast float b
                        int temp6 = add int a, int temp5
                        print int temp6
                        newLine
                        float temp9 = cast double c
                        float temp10 = add float b, float temp9
                        print float temp10
                        newLine
                        return
                ]
            },
            "_fn_TestModules_RandomGenericFunc_shtk[int][float][double]_randomListFunc": {
                "icode": [
                        passPointer int* a, struct _fn_TestModules_List_shtk[int]_createList, module TestModules/List.shtk[int]
                        pass int len, struct _fn_TestModules_List_shtk[int]_createList, module TestModules/List.shtk[int]
                        struct calleeReturnValue22 = call struct _fn_TestModules_List_shtk[int]_createList, module TestModules/List.shtk[int]
                        int* tempPtr26 = createPointer struct list
                        int* tempPtr27 = createPointer struct calleeReturnValue22
                        int* tempPtr26 = memoryCopy int* tempPtr27, autoInt 16
                        int* tempPtr35 = createPointer struct list
                        passPointer int* tempPtr35, struct _fn_TestModules_List_shtk[int]_at, module TestModules/List.shtk[int]
                        int temp38 = cast autoInt 3
                        pass int temp38, struct _fn_TestModules_List_shtk[int]_at, module TestModules/List.shtk[int]
                        struct calleeReturnValue41 = call struct _fn_TestModules_List_shtk[int]_at, module TestModules/List.shtk[int]
                        byte* tempPtr44 = createPointer struct calleeReturnValue41
                        byte* tempPtr46 = addressAdd byte* tempPtr44, bytes 0
                        byte* tempPtr47 = createPointer struct calleeReturnValue41
                        byte* tempPtr49 = addressAdd byte* tempPtr47, bytes 1
                        int temp51 = read int* tempPtr49
                        int item = equal int temp51
                        byte temp53 = read byte* tempPtr46
                        byte error = equal byte temp53
                        byte temp59 = cast autoInt 0
                        flag = greaterThan byte error, byte temp59
                        if(not flag) goto _if_false_l19_c4
                        int temp62 = cast autoInt 0
                        int returnValue60 = equal int temp62
                        return
                    _if_false_l19_c4:
                        int returnValue66 = equal int item
                        return
                ]
            }
        }
    },
    "TestModules/RandomGenericFuncNested.shtk[int][float][double]": {
        "moduleName": "TestModules/RandomGenericFuncNested.shtk[int][float][double]",
        "functions": {
            "_fn_TestModules_RandomGenericFuncNested_shtk[int][float][double]_randomFuncNested": {
                "icode": [
                        pass int a, void _fn_TestModules_RandomGenericFunc_shtk[int][float][double]_randomFunc, module TestModules/RandomGenericFunc.shtk[int][float][double]
                        pass float b, void _fn_TestModules_RandomGenericFunc_shtk[int][float][double]_randomFunc, module TestModules/RandomGenericFunc.shtk[int][float][double]
                        pass double c, void _fn_TestModules_RandomGenericFunc_shtk[int][float][double]_randomFunc, module TestModules/RandomGenericFunc.shtk[int][float][double]
                        void calleeReturnValue15 = call void _fn_TestModules_RandomGenericFunc_shtk[int][float][double]_randomFunc, module TestModules/RandomGenericFunc.shtk[int][float][double]
                        print autoInt 40
                        newLine
                        return
                ]
            }
        }
    },
    "TestModules/ResultGeneric.shtk[int]": {
        "moduleName": "TestModules/ResultGeneric.shtk[int]",
        "functions": {
            "_fn_TestModules_ResultGeneric_shtk[int]_error": {
                "icode": [
                        byte* tempPtr5 = createPointer struct r
                        byte* tempPtr7 = addressAdd byte* tempPtr5, bytes 0
                        byte temp9 = cast autoInt 1
                        byte* tempPtr7 = write byte temp9
                        byte* tempPtr12 = createPointer struct returnValue10
                        byte* tempPtr13 = createPointer struct r
                        byte* tempPtr12 = memoryCopy byte* tempPtr13, autoInt 5
                        return
                ]
            },
            "_fn_TestModules_ResultGeneric_shtk[int]_success": {
                "icode": [
                        byte* tempPtr21 = createPointer struct r
                        byte* tempPtr23 = addressAdd byte* tempPtr21, bytes 0
                        byte temp25 = cast autoInt 0
                        byte* tempPtr23 = write byte temp25
                        byte* tempPtr27 = createPointer struct r
                        byte* tempPtr29 = addressAdd byte* tempPtr27, bytes 1
                        int* tempPtr29 = write int item
                        byte* tempPtr33 = createPointer struct returnValue31
                        byte* tempPtr34 = createPointer struct r
                        byte* tempPtr33 = memoryCopy byte* tempPtr34, autoInt 5
                        return
                ]
            }
        }
    }
}