{
    "ForwardFuncDecl.shtk": {
        "moduleName": "ForwardFuncDecl.shtk",
        "uses": [],
        "aliases": {
        },
        "definedEnumsTypes": {
        },
        "enums": {
        },
        "intDefines": {
            "NULL": 0,
            "false": 0,
            "true": 1
        },
        "floatDefines": {
            "infinity": "INFINITY",
            "nan": "NAN"
        },
        "incompleteTypes": {
        },
        "stringDefines": {
        },
        "stringsDataCharCounts": {
        },
        "globals": {
        },
        "structures": {
        },
        "externFunctions": {
            "_fn_Somewhere_shtk_hello": {
                "moduleName": "Somewhere.shtk",
                "parameters": ["a", "b"],
                "absoluteName": "_fn_Somewhere_shtk_hello",
                "functionReturnType": {"dtype": "double", "dtypeName": "double", "dtypeSize": 8, "size": 8, "moduleName": "ForwardFuncDecl.shtk", "offset": 0, "dimensions": [], "dimTypes": [], "properties": []},
                "symbols": {
                    "a": {"dtype": "int", "dtypeName": "int", "dtypeSize": 4, "size": 4, "moduleName": "ForwardFuncDecl.shtk", "offset": 0, "dimensions": [], "dimTypes": [], "properties": ["isParameter", "isLocal"]},
                    "b": {"dtype": "int", "dtypeName": "int", "dtypeSize": 4, "size": 4, "moduleName": "ForwardFuncDecl.shtk", "offset": 0, "dimensions": [], "dimTypes": [], "properties": ["isParameter", "isLocal"]}
                },
                "icode": [
                    
                ]
            }
        },
        "definedFunctions": [],
        "incompleteFunctions": {
            "hello": "Somewhere.shtk"
        },
        "functions": {
        }
    }
}