MODULE DataTypeDoesNotExistError.shtk
ERROR in Line 3 Col 11

    var a:foo
          ^
Type does not exist

DataTypeDoesNotExistError.shtk:3:10
