MODULE UnaryOperatorOnStruct.shtk
ERROR in Line 10 Col 9

    a = -b 
        ^
Unary operator not allowed on STRUCT
