MODULE UseDoesNotExistOrNotGenericError2.shtk
ERROR in Line 3 Col 12

    var a: Bar::Foo[int, float]
           ^
Use does not exist or not a generic module

UseDoesNotExistOrNotGenericError2.shtk:3:11
