{
    "ArrayPointerStructFieldAceess.shtk": {
        "moduleName": "ArrayPointerStructFieldAceess.shtk",
        "functions": {
            "_fn_ArrayPointerStructFieldAceess_shtk_copy": {
                "icode": [
                        int temp5 = cast autoInt 0
                        int i = equal int temp5
                    _for_true_l3_c4:
                        flag = lessThan int i, int len
                        if(not flag) goto _for_false_l3_c4
                        void* tempPtr14 = addressMultiply int i, bytes 4
                        int* tempPtr15 = addressAdd int* dest, void* tempPtr14
                        void* tempPtr19 = addressMultiply int i, bytes 4
                        int* tempPtr20 = addressAdd int* src, void* tempPtr19
                        int temp21 = read int* tempPtr20
                        int* tempPtr15 = write int temp21
                    _for_cont_true_l3_c4:
                        int temp25 = cast autoInt 1
                        int temp24 = add int i, int temp25
                        int i = equal int temp24
                        goto _for_true_l3_c4
                    _for_false_l3_c4:
                        return
                ]
            },
            "main": {
                "icode": [
                        int* tempPtr36 = createPointer int actdest
                        int temp37 = cast autoInt 10
                        int* tempPtr36 = write int temp37
                        int* tempPtr39 = addressAdd int* tempPtr36, bytes 4
                        int temp40 = cast autoInt 20
                        int* tempPtr39 = write int temp40
                        int* tempPtr42 = addressAdd int* tempPtr39, bytes 4
                        int temp43 = cast autoInt 30
                        int* tempPtr42 = write int temp43
                        int* tempPtr45 = addressAdd int* tempPtr42, bytes 4
                        int temp46 = cast autoInt 40
                        int* tempPtr45 = write int temp46
                        int* tempPtr48 = addressAdd int* tempPtr45, bytes 4
                        int temp49 = cast autoInt 50
                        int* tempPtr48 = write int temp49
                        int* tempPtr51 = createPointer struct foo
                        int** tempPtrPtr53 = addressAdd int* tempPtr51, bytes 0
                        int* tempPtr55 = pointerCast autoInt 0
                        int** tempPtrPtr53 = pointerAssign int* tempPtr55
                        int* tempPtr57 = createPointer struct foo
                        int** tempPtrPtr59 = addressAdd int* tempPtr57, bytes 0
                        int** tempPtrPtr59 = pointerAssign int actdest
                        int* tempPtr67 = createPointer int src
                        int temp68 = cast autoInt 1
                        int* tempPtr67 = write int temp68
                        int* tempPtr70 = addressAdd int* tempPtr67, bytes 4
                        int temp71 = cast autoInt 2
                        int* tempPtr70 = write int temp71
                        int* tempPtr73 = addressAdd int* tempPtr70, bytes 4
                        int temp74 = cast autoInt 3
                        int* tempPtr73 = write int temp74
                        int* tempPtr76 = addressAdd int* tempPtr73, bytes 4
                        int temp77 = cast autoInt 4
                        int* tempPtr76 = write int temp77
                        int* tempPtr79 = addressAdd int* tempPtr76, bytes 4
                        int temp80 = cast autoInt 5
                        int* tempPtr79 = write int temp80
                        int* tempPtr85 = createPointer struct foo
                        int** tempPtrPtr87 = addressAdd int* tempPtr85, bytes 0
                        passPointerPointer int** tempPtrPtr87, void _fn_ArrayPointerStructFieldAceess_shtk_copy, module ArrayPointerStructFieldAceess.shtk
                        int* tempPtr95 = createPointer int src
                        passPointer int* tempPtr95, void _fn_ArrayPointerStructFieldAceess_shtk_copy, module ArrayPointerStructFieldAceess.shtk
                        int temp98 = cast autoInt 5
                        pass int temp98, void _fn_ArrayPointerStructFieldAceess_shtk_copy, module ArrayPointerStructFieldAceess.shtk
                        void calleeReturnValue101 = call void _fn_ArrayPointerStructFieldAceess_shtk_copy, module ArrayPointerStructFieldAceess.shtk
                        int* tempPtr105 = createPointer struct foo
                        int** tempPtrPtr107 = addressAdd int* tempPtr105, bytes 0
                        void* tempPtr110 = addressMultiply autoInt 0, bytes 4
                        int* tempPtr111 = addressAdd int** tempPtrPtr107, void* tempPtr110
                        int temp112 = read int* tempPtr111
                        print int temp112
                        newLine
                        int* tempPtr114 = createPointer struct foo
                        int** tempPtrPtr116 = addressAdd int* tempPtr114, bytes 0
                        void* tempPtr119 = addressMultiply autoInt 1, bytes 4
                        int* tempPtr120 = addressAdd int** tempPtrPtr116, void* tempPtr119
                        int temp121 = read int* tempPtr120
                        print int temp121
                        newLine
                        int* tempPtr123 = createPointer struct foo
                        int** tempPtrPtr125 = addressAdd int* tempPtr123, bytes 0
                        void* tempPtr128 = addressMultiply autoInt 2, bytes 4
                        int* tempPtr129 = addressAdd int** tempPtrPtr125, void* tempPtr128
                        int temp130 = read int* tempPtr129
                        print int temp130
                        newLine
                        int* tempPtr132 = createPointer struct foo
                        int** tempPtrPtr134 = addressAdd int* tempPtr132, bytes 0
                        void* tempPtr137 = addressMultiply autoInt 3, bytes 4
                        int* tempPtr138 = addressAdd int** tempPtrPtr134, void* tempPtr137
                        int temp139 = read int* tempPtr138
                        print int temp139
                        newLine
                        int* tempPtr141 = createPointer struct foo
                        int** tempPtrPtr143 = addressAdd int* tempPtr141, bytes 0
                        void* tempPtr146 = addressMultiply autoInt 4, bytes 4
                        int* tempPtr147 = addressAdd int** tempPtrPtr143, void* tempPtr146
                        int temp148 = read int* tempPtr147
                        print int temp148
                        newLine
                        int temp151 = cast autoInt 0
                        int returnValue149 = equal int temp151
                        int* tempPtr154 = createPointer struct foo
                        int** tempPtrPtr156 = addressAdd int* tempPtr154, bytes 0
                        return
                ]
            }
        }
    }
}