{
  "type": "PROGRAM",
  "token": {"string": "", "tokenType": "NONE", "line": 0, "col": 0, "file": ""},
  "children": [
    {
      "type": "FUNCTION",
      "token": {"string": "fn", "tokenType": "FUNCTION", "line": 1, "col": 0, "file": "Addr.shtk"},
      "children": [
        {
          "type": "IDENTIFIER",
          "token": {"string": "main", "tokenType": "IDENTIFIER", "line": 1, "col": 3, "file": "Addr.shtk"},
          "children": [
            
          ]
        },
        {
          "type": "IDENTIFIER",
          "token": {"string": "int", "tokenType": "IDENTIFIER", "line": 1, "col": 13, "file": "Addr.shtk"},
          "children": [
            
          ]
        },
        {
          "type": "BLOCK",
          "token": {"string": "{", "tokenType": "OPEN_BRACE", "line": 2, "col": 0, "file": "Addr.shtk"},
          "children": [
            {
              "type": "VAR",
              "token": {"string": "var", "tokenType": "VAR", "line": 3, "col": 4, "file": "Addr.shtk"},
              "children": [
                {
                  "type": "IDENTIFIER",
                  "token": {"string": "a", "tokenType": "IDENTIFIER", "line": 3, "col": 8, "file": "Addr.shtk"},
                  "children": [
                    
                  ]
                },
                {
                  "type": "IDENTIFIER",
                  "token": {"string": "int", "tokenType": "IDENTIFIER", "line": 3, "col": 11, "file": "Addr.shtk"},
                  "children": [
                    
                  ]
                },
                {
                  "type": "ASSIGN_OPERATOR",
                  "token": {"string": "=", "tokenType": "EQUAL", "line": 3, "col": 15, "file": "Addr.shtk"},
                  "children": [
                    
                  ]
                },
                {
                  "type": "EXPRESSION",
                  "token": {"string": "1", "tokenType": "INT_LITERAL", "line": 3, "col": 17, "file": "Addr.shtk"},
                  "children": [
                    {
                      "type": "TERM",
                      "token": {"string": "1", "tokenType": "INT_LITERAL", "line": 3, "col": 17, "file": "Addr.shtk"},
                      "children": [
                        {
                          "type": "LITERAL",
                          "token": {"string": "1", "tokenType": "INT_LITERAL", "line": 3, "col": 17, "file": "Addr.shtk"},
                          "children": [
                            
                          ]
                        }
                      ]
                    }
                  ]
                }
              ]
            },
            {
              "type": "VAR",
              "token": {"string": "var", "tokenType": "VAR", "line": 4, "col": 4, "file": "Addr.shtk"},
              "children": [
                {
                  "type": "IDENTIFIER",
                  "token": {"string": "b", "tokenType": "IDENTIFIER", "line": 4, "col": 8, "file": "Addr.shtk"},
                  "children": [
                    
                  ]
                },
                {
                  "type": "IDENTIFIER",
                  "token": {"string": "int", "tokenType": "IDENTIFIER", "line": 4, "col": 11, "file": "Addr.shtk"},
                  "children": [
                    
                  ]
                },
                {
                  "type": "POINTER_STAR",
                  "token": {"string": "*", "tokenType": "MULTIPLY", "line": 4, "col": 14, "file": "Addr.shtk"},
                  "children": [
                    
                  ]
                },
                {
                  "type": "ASSIGN_OPERATOR",
                  "token": {"string": "<-", "tokenType": "LEFT_ARROW", "line": 4, "col": 16, "file": "Addr.shtk"},
                  "children": [
                    
                  ]
                },
                {
                  "type": "EXPRESSION",
                  "token": {"string": "a", "tokenType": "IDENTIFIER", "line": 4, "col": 19, "file": "Addr.shtk"},
                  "children": [
                    {
                      "type": "TERM",
                      "token": {"string": "a", "tokenType": "IDENTIFIER", "line": 4, "col": 19, "file": "Addr.shtk"},
                      "children": [
                        {
                          "type": "IDENTIFIER",
                          "token": {"string": "a", "tokenType": "IDENTIFIER", "line": 4, "col": 19, "file": "Addr.shtk"},
                          "children": [
                            
                          ]
                        }
                      ]
                    }
                  ]
                }
              ]
            },
            {
              "type": "VAR",
              "token": {"string": "var", "tokenType": "VAR", "line": 6, "col": 4, "file": "Addr.shtk"},
              "children": [
                {
                  "type": "IDENTIFIER",
                  "token": {"string": "c", "tokenType": "IDENTIFIER", "line": 6, "col": 8, "file": "Addr.shtk"},
                  "children": [
                    
                  ]
                },
                {
                  "type": "IDENTIFIER",
                  "token": {"string": "int", "tokenType": "IDENTIFIER", "line": 6, "col": 11, "file": "Addr.shtk"},
                  "children": [
                    
                  ]
                },
                {
                  "type": "ASSIGN_OPERATOR",
                  "token": {"string": "=", "tokenType": "EQUAL", "line": 6, "col": 15, "file": "Addr.shtk"},
                  "children": [
                    
                  ]
                },
                {
                  "type": "EXPRESSION",
                  "token": {"string": "addr", "tokenType": "ADDR", "line": 6, "col": 17, "file": "Addr.shtk"},
                  "children": [
                    {
                      "type": "TERM",
                      "token": {"string": "addr", "tokenType": "ADDR", "line": 6, "col": 17, "file": "Addr.shtk"},
                      "children": [
                        {
                          "type": "ADDR",
                          "token": {"string": "addr", "tokenType": "ADDR", "line": 6, "col": 17, "file": "Addr.shtk"},
                          "children": [
                            {
                              "type": "TERM",
                              "token": {"string": "a", "tokenType": "IDENTIFIER", "line": 6, "col": 22, "file": "Addr.shtk"},
                              "children": [
                                {
                                  "type": "IDENTIFIER",
                                  "token": {"string": "a", "tokenType": "IDENTIFIER", "line": 6, "col": 22, "file": "Addr.shtk"},
                                  "children": [
                                    
                                  ]
                                }
                              ]
                            }
                          ]
                        }
                      ]
                    }
                  ]
                }
              ]
            },
            {
              "type": "RETURN",
              "token": {"string": "return", "tokenType": "RETURN", "line": 8, "col": 4, "file": "Addr.shtk"},
              "children": [
                {
                  "type": "EXPRESSION",
                  "token": {"string": "0", "tokenType": "INT_LITERAL", "line": 8, "col": 11, "file": "Addr.shtk"},
                  "children": [
                    {
                      "type": "TERM",
                      "token": {"string": "0", "tokenType": "INT_LITERAL", "line": 8, "col": 11, "file": "Addr.shtk"},
                      "children": [
                        {
                          "type": "LITERAL",
                          "token": {"string": "0", "tokenType": "INT_LITERAL", "line": 8, "col": 11, "file": "Addr.shtk"},
                          "children": [
                            
                          ]
                        }
                      ]
                    }
                  ]
                }
              ]
            }
          ]
        }
      ]
    }
  ]
}