{
    "AssignmentDestructured.shtk": {
        "moduleName": "AssignmentDestructured.shtk",
        "functions": {
            "main": {
                "icode": [
                    {"opcode": "cast", "op1": {"type": "temp", "id": 12, "dtype": "int"}, "op2": {"type": "literal", "id": 9, "dtype": "autoInt", "value": 1}, "op3": {"type": "none"}},
                    {"opcode": "equal", "op1": {"type": "var", "id": 6, "name": "a", "dtype": "int"}, "op2": {"type": "temp", "id": 12, "dtype": "int"}, "op3": {"type": "none"}},
                    {"opcode": "cast", "op1": {"type": "temp", "id": 13, "dtype": "int"}, "op2": {"type": "literal", "id": 10, "dtype": "autoInt", "value": 2}, "op3": {"type": "none"}},
                    {"opcode": "equal", "op1": {"type": "var", "id": 7, "name": "b", "dtype": "int"}, "op2": {"type": "temp", "id": 13, "dtype": "int"}, "op3": {"type": "none"}},
                    {"opcode": "cast", "op1": {"type": "temp", "id": 14, "dtype": "int"}, "op2": {"type": "literal", "id": 11, "dtype": "autoInt", "value": 3}, "op3": {"type": "none"}},
                    {"opcode": "equal", "op1": {"type": "var", "id": 8, "name": "c", "dtype": "int"}, "op2": {"type": "temp", "id": 14, "dtype": "int"}, "op3": {"type": "none"}},
                    {"opcode": "print", "op1": {"type": "var", "id": 15, "name": "a", "dtype": "int"}, "op2": {"type": "none"}, "op3": {"type": "none"}},
                    {"opcode": "newLine", "op1": {"type": "none"}, "op2": {"type": "none"}, "op3": {"type": "none"}},
                    {"opcode": "print", "op1": {"type": "var", "id": 16, "name": "b", "dtype": "int"}, "op2": {"type": "none"}, "op3": {"type": "none"}},
                    {"opcode": "newLine", "op1": {"type": "none"}, "op2": {"type": "none"}, "op3": {"type": "none"}},
                    {"opcode": "print", "op1": {"type": "var", "id": 17, "name": "c", "dtype": "int"}, "op2": {"type": "none"}, "op3": {"type": "none"}},
                    {"opcode": "newLine", "op1": {"type": "none"}, "op2": {"type": "none"}, "op3": {"type": "none"}},
                    {"opcode": "cast", "op1": {"type": "temp", "id": 24, "dtype": "int"}, "op2": {"type": "literal", "id": 21, "dtype": "autoInt", "value": 1}, "op3": {"type": "none"}},
                    {"opcode": "equal", "op1": {"type": "var", "id": 18, "name": "c", "dtype": "int"}, "op2": {"type": "temp", "id": 24, "dtype": "int"}, "op3": {"type": "none"}},
                    {"opcode": "cast", "op1": {"type": "temp", "id": 25, "dtype": "int"}, "op2": {"type": "literal", "id": 22, "dtype": "autoInt", "value": 2}, "op3": {"type": "none"}},
                    {"opcode": "equal", "op1": {"type": "var", "id": 19, "name": "a", "dtype": "int"}, "op2": {"type": "temp", "id": 25, "dtype": "int"}, "op3": {"type": "none"}},
                    {"opcode": "cast", "op1": {"type": "temp", "id": 26, "dtype": "int"}, "op2": {"type": "literal", "id": 23, "dtype": "autoInt", "value": 3}, "op3": {"type": "none"}},
                    {"opcode": "equal", "op1": {"type": "var", "id": 20, "name": "b", "dtype": "int"}, "op2": {"type": "temp", "id": 26, "dtype": "int"}, "op3": {"type": "none"}},
                    {"opcode": "print", "op1": {"type": "var", "id": 27, "name": "a", "dtype": "int"}, "op2": {"type": "none"}, "op3": {"type": "none"}},
                    {"opcode": "newLine", "op1": {"type": "none"}, "op2": {"type": "none"}, "op3": {"type": "none"}},
                    {"opcode": "print", "op1": {"type": "var", "id": 28, "name": "b", "dtype": "int"}, "op2": {"type": "none"}, "op3": {"type": "none"}},
                    {"opcode": "newLine", "op1": {"type": "none"}, "op2": {"type": "none"}, "op3": {"type": "none"}},
                    {"opcode": "print", "op1": {"type": "var", "id": 29, "name": "c", "dtype": "int"}, "op2": {"type": "none"}, "op3": {"type": "none"}},
                    {"opcode": "newLine", "op1": {"type": "none"}, "op2": {"type": "none"}, "op3": {"type": "none"}},
                    {"opcode": "cast", "op1": {"type": "temp", "id": 32, "dtype": "int"}, "op2": {"type": "literal", "id": 31, "dtype": "autoInt", "value": 0}, "op3": {"type": "none"}},
                    {"opcode": "equal", "op1": {"type": "returnValue", "id": 30, "dtype": "int"}, "op2": {"type": "temp", "id": 32, "dtype": "int"}, "op3": {"type": "none"}},
                    {"opcode": "return", "op1": {"type": "none"}, "op2": {"type": "none"}, "op3": {"type": "none"}}
                ]
            }
        }
    }
}