{
    "Destructure.shtk": {
        "moduleName": "Destructure.shtk",
        "functions": {
            "main": {
                "icode": [
                    {"opcode": "createPointer", "op1": {"type": "tempPtr", "id": 8, "dtype": "long"}, "op2": {"type": "var", "id": 7, "name": "b", "dtype": "long"}, "op3": {"type": "none"}},
                    {"opcode": "cast", "op1": {"type": "temp", "id": 9, "dtype": "long"}, "op2": {"type": "literal", "id": 3, "dtype": "autoInt", "value": 1}, "op3": {"type": "none"}},
                    {"opcode": "write", "op1": {"type": "tempPtr", "id": 8, "dtype": "long"}, "op2": {"type": "temp", "id": 9, "dtype": "long"}, "op3": {"type": "none"}},
                    {"opcode": "addressAdd", "op1": {"type": "tempPtr", "id": 11, "dtype": "long"}, "op2": {"type": "tempPtr", "id": 8, "dtype": "long"}, "op3": {"type": "bytes", "id": 10, "bytes": 8}},
                    {"opcode": "cast", "op1": {"type": "temp", "id": 12, "dtype": "long"}, "op2": {"type": "literal", "id": 4, "dtype": "autoInt", "value": 2}, "op3": {"type": "none"}},
                    {"opcode": "write", "op1": {"type": "tempPtr", "id": 11, "dtype": "long"}, "op2": {"type": "temp", "id": 12, "dtype": "long"}, "op3": {"type": "none"}},
                    {"opcode": "addressAdd", "op1": {"type": "tempPtr", "id": 14, "dtype": "long"}, "op2": {"type": "tempPtr", "id": 11, "dtype": "long"}, "op3": {"type": "bytes", "id": 13, "bytes": 8}},
                    {"opcode": "cast", "op1": {"type": "temp", "id": 15, "dtype": "long"}, "op2": {"type": "literal", "id": 5, "dtype": "autoInt", "value": 3}, "op3": {"type": "none"}},
                    {"opcode": "write", "op1": {"type": "tempPtr", "id": 14, "dtype": "long"}, "op2": {"type": "temp", "id": 15, "dtype": "long"}, "op3": {"type": "none"}},
                    {"opcode": "addressAdd", "op1": {"type": "tempPtr", "id": 17, "dtype": "long"}, "op2": {"type": "tempPtr", "id": 14, "dtype": "long"}, "op3": {"type": "bytes", "id": 16, "bytes": 8}},
                    {"opcode": "cast", "op1": {"type": "temp", "id": 18, "dtype": "long"}, "op2": {"type": "literal", "id": 6, "dtype": "autoInt", "value": 4}, "op3": {"type": "none"}},
                    {"opcode": "write", "op1": {"type": "tempPtr", "id": 17, "dtype": "long"}, "op2": {"type": "temp", "id": 18, "dtype": "long"}, "op3": {"type": "none"}},
                    {"opcode": "createPointer", "op1": {"type": "tempPtr", "id": 22, "dtype": "long"}, "op2": {"type": "var", "id": 19, "name": "b", "dtype": "long"}, "op3": {"type": "none"}},
                    {"opcode": "addressMultiply", "op1": {"type": "tempPtr", "id": 24, "dtype": "void"}, "op2": {"type": "literal", "id": 20, "dtype": "autoInt", "value": 0}, "op3": {"type": "bytes", "id": 23, "bytes": 16}},
                    {"opcode": "addressAdd", "op1": {"type": "tempPtr", "id": 25, "dtype": "long"}, "op2": {"type": "tempPtr", "id": 22, "dtype": "long"}, "op3": {"type": "tempPtr", "id": 24, "dtype": "void"}},
                    {"opcode": "addressMultiply", "op1": {"type": "tempPtr", "id": 27, "dtype": "void"}, "op2": {"type": "literal", "id": 21, "dtype": "autoInt", "value": 0}, "op3": {"type": "bytes", "id": 26, "bytes": 8}},
                    {"opcode": "addressAdd", "op1": {"type": "tempPtr", "id": 28, "dtype": "long"}, "op2": {"type": "tempPtr", "id": 25, "dtype": "long"}, "op3": {"type": "tempPtr", "id": 27, "dtype": "void"}},
                    {"opcode": "read", "op1": {"type": "temp", "id": 29, "dtype": "long"}, "op2": {"type": "tempPtr", "id": 28, "dtype": "long"}, "op3": {"type": "none"}},
                    {"opcode": "print", "op1": {"type": "temp", "id": 29, "dtype": "long"}, "op2": {"type": "none"}, "op3": {"type": "none"}},
                    {"opcode": "space", "op1": {"type": "none"}, "op2": {"type": "none"}, "op3": {"type": "none"}},
                    {"opcode": "createPointer", "op1": {"type": "tempPtr", "id": 33, "dtype": "long"}, "op2": {"type": "var", "id": 30, "name": "b", "dtype": "long"}, "op3": {"type": "none"}},
                    {"opcode": "addressMultiply", "op1": {"type": "tempPtr", "id": 35, "dtype": "void"}, "op2": {"type": "literal", "id": 31, "dtype": "autoInt", "value": 0}, "op3": {"type": "bytes", "id": 34, "bytes": 16}},
                    {"opcode": "addressAdd", "op1": {"type": "tempPtr", "id": 36, "dtype": "long"}, "op2": {"type": "tempPtr", "id": 33, "dtype": "long"}, "op3": {"type": "tempPtr", "id": 35, "dtype": "void"}},
                    {"opcode": "addressMultiply", "op1": {"type": "tempPtr", "id": 38, "dtype": "void"}, "op2": {"type": "literal", "id": 32, "dtype": "autoInt", "value": 1}, "op3": {"type": "bytes", "id": 37, "bytes": 8}},
                    {"opcode": "addressAdd", "op1": {"type": "tempPtr", "id": 39, "dtype": "long"}, "op2": {"type": "tempPtr", "id": 36, "dtype": "long"}, "op3": {"type": "tempPtr", "id": 38, "dtype": "void"}},
                    {"opcode": "read", "op1": {"type": "temp", "id": 40, "dtype": "long"}, "op2": {"type": "tempPtr", "id": 39, "dtype": "long"}, "op3": {"type": "none"}},
                    {"opcode": "print", "op1": {"type": "temp", "id": 40, "dtype": "long"}, "op2": {"type": "none"}, "op3": {"type": "none"}},
                    {"opcode": "space", "op1": {"type": "none"}, "op2": {"type": "none"}, "op3": {"type": "none"}},
                    {"opcode": "createPointer", "op1": {"type": "tempPtr", "id": 44, "dtype": "long"}, "op2": {"type": "var", "id": 41, "name": "b", "dtype": "long"}, "op3": {"type": "none"}},
                    {"opcode": "addressMultiply", "op1": {"type": "tempPtr", "id": 46, "dtype": "void"}, "op2": {"type": "literal", "id": 42, "dtype": "autoInt", "value": 1}, "op3": {"type": "bytes", "id": 45, "bytes": 16}},
                    {"opcode": "addressAdd", "op1": {"type": "tempPtr", "id": 47, "dtype": "long"}, "op2": {"type": "tempPtr", "id": 44, "dtype": "long"}, "op3": {"type": "tempPtr", "id": 46, "dtype": "void"}},
                    {"opcode": "addressMultiply", "op1": {"type": "tempPtr", "id": 49, "dtype": "void"}, "op2": {"type": "literal", "id": 43, "dtype": "autoInt", "value": 0}, "op3": {"type": "bytes", "id": 48, "bytes": 8}},
                    {"opcode": "addressAdd", "op1": {"type": "tempPtr", "id": 50, "dtype": "long"}, "op2": {"type": "tempPtr", "id": 47, "dtype": "long"}, "op3": {"type": "tempPtr", "id": 49, "dtype": "void"}},
                    {"opcode": "read", "op1": {"type": "temp", "id": 51, "dtype": "long"}, "op2": {"type": "tempPtr", "id": 50, "dtype": "long"}, "op3": {"type": "none"}},
                    {"opcode": "print", "op1": {"type": "temp", "id": 51, "dtype": "long"}, "op2": {"type": "none"}, "op3": {"type": "none"}},
                    {"opcode": "space", "op1": {"type": "none"}, "op2": {"type": "none"}, "op3": {"type": "none"}},
                    {"opcode": "createPointer", "op1": {"type": "tempPtr", "id": 55, "dtype": "long"}, "op2": {"type": "var", "id": 52, "name": "b", "dtype": "long"}, "op3": {"type": "none"}},
                    {"opcode": "addressMultiply", "op1": {"type": "tempPtr", "id": 57, "dtype": "void"}, "op2": {"type": "literal", "id": 53, "dtype": "autoInt", "value": 1}, "op3": {"type": "bytes", "id": 56, "bytes": 16}},
                    {"opcode": "addressAdd", "op1": {"type": "tempPtr", "id": 58, "dtype": "long"}, "op2": {"type": "tempPtr", "id": 55, "dtype": "long"}, "op3": {"type": "tempPtr", "id": 57, "dtype": "void"}},
                    {"opcode": "addressMultiply", "op1": {"type": "tempPtr", "id": 60, "dtype": "void"}, "op2": {"type": "literal", "id": 54, "dtype": "autoInt", "value": 1}, "op3": {"type": "bytes", "id": 59, "bytes": 8}},
                    {"opcode": "addressAdd", "op1": {"type": "tempPtr", "id": 61, "dtype": "long"}, "op2": {"type": "tempPtr", "id": 58, "dtype": "long"}, "op3": {"type": "tempPtr", "id": 60, "dtype": "void"}},
                    {"opcode": "read", "op1": {"type": "temp", "id": 62, "dtype": "long"}, "op2": {"type": "tempPtr", "id": 61, "dtype": "long"}, "op3": {"type": "none"}},
                    {"opcode": "print", "op1": {"type": "temp", "id": 62, "dtype": "long"}, "op2": {"type": "none"}, "op3": {"type": "none"}},
                    {"opcode": "cast", "op1": {"type": "temp", "id": 65, "dtype": "int"}, "op2": {"type": "literal", "id": 64, "dtype": "autoInt", "value": 0}, "op3": {"type": "none"}},
                    {"opcode": "equal", "op1": {"type": "returnValue", "id": 63, "dtype": "int"}, "op2": {"type": "temp", "id": 65, "dtype": "int"}, "op3": {"type": "none"}},
                    {"opcode": "return", "op1": {"type": "none"}, "op2": {"type": "none"}, "op3": {"type": "none"}}
                ]
            }
        }
    }
}