{
    "Expression4.shtk": {
        "moduleName": "Expression4.shtk",
        "functions": {
            "_fn_Expression4_shtk_foobar": {
                "icode": [
                    {"opcode": "cast", "op1": {"type": "temp", "id": 5, "dtype": "int"}, "op2": {"type": "literal", "id": 4, "dtype": "autoInt", "value": 2}, "op3": {"type": "none"}},
                    {"opcode": "equal", "op1": {"type": "var", "id": 3, "name": "a", "dtype": "int"}, "op2": {"type": "temp", "id": 5, "dtype": "int"}, "op3": {"type": "none"}},
                    {"opcode": "cast", "op1": {"type": "temp", "id": 8, "dtype": "int"}, "op2": {"type": "literal", "id": 7, "dtype": "autoInt", "value": 3}, "op3": {"type": "none"}},
                    {"opcode": "equal", "op1": {"type": "var", "id": 6, "name": "b", "dtype": "int"}, "op2": {"type": "temp", "id": 8, "dtype": "int"}, "op3": {"type": "none"}},
                    {"opcode": "multiply", "op1": {"type": "temp", "id": 11, "dtype": "int"}, "op2": {"type": "var", "id": 9, "name": "a", "dtype": "int"}, "op3": {"type": "var", "id": 10, "name": "b", "dtype": "int"}},
                    {"opcode": "print", "op1": {"type": "temp", "id": 11, "dtype": "int"}, "op2": {"type": "none"}, "op3": {"type": "none"}},
                    {"opcode": "newLine", "op1": {"type": "none"}, "op2": {"type": "none"}, "op3": {"type": "none"}},
                    {"opcode": "return", "op1": {"type": "none"}, "op2": {"type": "none"}, "op3": {"type": "none"}}
                ]
            },
            "main": {
                "icode": [
                    {"opcode": "cast", "op1": {"type": "temp", "id": 20, "dtype": "int"}, "op2": {"type": "literal", "id": 19, "dtype": "autoInt", "value": 3}, "op3": {"type": "none"}},
                    {"opcode": "equal", "op1": {"type": "var", "id": 18, "name": "c", "dtype": "int"}, "op2": {"type": "temp", "id": 20, "dtype": "int"}, "op3": {"type": "none"}},
                    {"opcode": "print", "op1": {"type": "var", "id": 21, "name": "c", "dtype": "int"}, "op2": {"type": "none"}, "op3": {"type": "none"}},
                    {"opcode": "newLine", "op1": {"type": "none"}, "op2": {"type": "none"}, "op3": {"type": "none"}},
                    {"opcode": "call", "op1": {"type": "calleeReturnValue", "id": 22, "dtype": "void"}, "op2": {"type": "var", "id": 23, "name": "_fn_Expression4_shtk_foobar", "dtype": "void"}, "op3": {"type": "module", "id": 24, "name": "Expression4.shtk"}},
                    {"opcode": "cast", "op1": {"type": "temp", "id": 28, "dtype": "int"}, "op2": {"type": "literal", "id": 26, "dtype": "autoInt", "value": 3}, "op3": {"type": "none"}},
                    {"opcode": "multiply", "op1": {"type": "temp", "id": 27, "dtype": "int"}, "op2": {"type": "var", "id": 25, "name": "c", "dtype": "int"}, "op3": {"type": "temp", "id": 28, "dtype": "int"}},
                    {"opcode": "equal", "op1": {"type": "var", "id": 25, "name": "c", "dtype": "int"}, "op2": {"type": "temp", "id": 27, "dtype": "int"}, "op3": {"type": "none"}},
                    {"opcode": "add", "op1": {"type": "temp", "id": 32, "dtype": "autoInt"}, "op2": {"type": "literal", "id": 30, "dtype": "autoInt", "value": 2}, "op3": {"type": "literal", "id": 31, "dtype": "autoInt", "value": 3}},
                    {"opcode": "cast", "op1": {"type": "temp", "id": 33, "dtype": "int"}, "op2": {"type": "temp", "id": 32, "dtype": "autoInt"}, "op3": {"type": "none"}},
                    {"opcode": "equal", "op1": {"type": "var", "id": 29, "name": "b", "dtype": "int"}, "op2": {"type": "temp", "id": 33, "dtype": "int"}, "op3": {"type": "none"}},
                    {"opcode": "cast", "op1": {"type": "temp", "id": 37, "dtype": "int"}, "op2": {"type": "literal", "id": 35, "dtype": "autoInt", "value": 2}, "op3": {"type": "none"}},
                    {"opcode": "multiply", "op1": {"type": "temp", "id": 36, "dtype": "int"}, "op2": {"type": "var", "id": 34, "name": "c", "dtype": "int"}, "op3": {"type": "temp", "id": 37, "dtype": "int"}},
                    {"opcode": "cast", "op1": {"type": "temp", "id": 40, "dtype": "int"}, "op2": {"type": "literal", "id": 38, "dtype": "autoInt", "value": 3}, "op3": {"type": "none"}},
                    {"opcode": "multiply", "op1": {"type": "temp", "id": 39, "dtype": "int"}, "op2": {"type": "temp", "id": 36, "dtype": "int"}, "op3": {"type": "temp", "id": 40, "dtype": "int"}},
                    {"opcode": "print", "op1": {"type": "temp", "id": 39, "dtype": "int"}, "op2": {"type": "none"}, "op3": {"type": "none"}},
                    {"opcode": "newLine", "op1": {"type": "none"}, "op2": {"type": "none"}, "op3": {"type": "none"}},
                    {"opcode": "cast", "op1": {"type": "temp", "id": 44, "dtype": "int"}, "op2": {"type": "literal", "id": 42, "dtype": "autoInt", "value": 3}, "op3": {"type": "none"}},
                    {"opcode": "add", "op1": {"type": "temp", "id": 43, "dtype": "int"}, "op2": {"type": "var", "id": 41, "name": "b", "dtype": "int"}, "op3": {"type": "temp", "id": 44, "dtype": "int"}},
                    {"opcode": "print", "op1": {"type": "temp", "id": 43, "dtype": "int"}, "op2": {"type": "none"}, "op3": {"type": "none"}},
                    {"opcode": "newLine", "op1": {"type": "none"}, "op2": {"type": "none"}, "op3": {"type": "none"}},
                    {"opcode": "cast", "op1": {"type": "temp", "id": 47, "dtype": "float"}, "op2": {"type": "literal", "id": 46, "dtype": "autoFloat", "value": 3}, "op3": {"type": "none"}},
                    {"opcode": "equal", "op1": {"type": "var", "id": 45, "name": "bar", "dtype": "float"}, "op2": {"type": "temp", "id": 47, "dtype": "float"}, "op3": {"type": "none"}},
                    {"opcode": "cast", "op1": {"type": "temp", "id": 53, "dtype": "float"}, "op2": {"type": "literal", "id": 52, "dtype": "autoFloat", "value": 1}, "op3": {"type": "none"}},
                    {"opcode": "isEqual", "op1": {"type": "var", "id": 51, "name": "bar", "dtype": "float"}, "op2": {"type": "temp", "id": 53, "dtype": "float"}, "op3": {"type": "none"}},
                    {"opcode": "gotoIfFalse", "op1": {"type": "label", "id": 50, "name": "_if_false_l29_c4"}, "op2": {"type": "none"}, "op3": {"type": "none"}},
                    {"opcode": "printString", "op1": {"type": "stringData", "id": 54, "name": "_str_Expression4_shtk__l29_c28", "size": 4}, "op2": {"type": "none"}, "op3": {"type": "none"}},
                    {"opcode": "newLine", "op1": {"type": "none"}, "op2": {"type": "none"}, "op3": {"type": "none"}},
                    {"opcode": "createLabel", "op1": {"type": "label", "id": 50, "name": "_if_false_l29_c4"}, "op2": {"type": "none"}, "op3": {"type": "none"}},
                    {"opcode": "cast", "op1": {"type": "temp", "id": 60, "dtype": "float"}, "op2": {"type": "literal", "id": 59, "dtype": "autoFloat", "value": 1}, "op3": {"type": "none"}},
                    {"opcode": "isNotEqual", "op1": {"type": "var", "id": 58, "name": "bar", "dtype": "float"}, "op2": {"type": "temp", "id": 60, "dtype": "float"}, "op3": {"type": "none"}},
                    {"opcode": "gotoIfFalse", "op1": {"type": "label", "id": 57, "name": "_if_false_l30_c4"}, "op2": {"type": "none"}, "op3": {"type": "none"}},
                    {"opcode": "printString", "op1": {"type": "stringData", "id": 61, "name": "_str_Expression4_shtk__l30_c28", "size": 7}, "op2": {"type": "none"}, "op3": {"type": "none"}},
                    {"opcode": "newLine", "op1": {"type": "none"}, "op2": {"type": "none"}, "op3": {"type": "none"}},
                    {"opcode": "createLabel", "op1": {"type": "label", "id": 57, "name": "_if_false_l30_c4"}, "op2": {"type": "none"}, "op3": {"type": "none"}},
                    {"opcode": "cast", "op1": {"type": "temp", "id": 64, "dtype": "int"}, "op2": {"type": "literal", "id": 63, "dtype": "autoInt", "value": 0}, "op3": {"type": "none"}},
                    {"opcode": "equal", "op1": {"type": "returnValue", "id": 62, "dtype": "int"}, "op2": {"type": "temp", "id": 64, "dtype": "int"}, "op3": {"type": "none"}},
                    {"opcode": "return", "op1": {"type": "none"}, "op2": {"type": "none"}, "op3": {"type": "none"}}
                ]
            }
        }
    }
}