{
    "ForEachLoopDestructuredArray.shtk": {
        "moduleName": "ForEachLoopDestructuredArray.shtk",
        "functions": {
            "_fn_ForEachLoopDestructuredArray_shtk_createTestGenerator": {
                "icode": [
                    {"opcode": "createPointer", "op1": {"type": "tempPtr", "id": 5, "dtype": "int"}, "op2": {"type": "var", "id": 4, "name": "g", "dtype": "struct"}, "op3": {"type": "none"}},
                    {"opcode": "addressAdd", "op1": {"type": "tempPtr", "id": 7, "dtype": "int"}, "op2": {"type": "tempPtr", "id": 5, "dtype": "int"}, "op3": {"type": "bytes", "id": 6, "bytes": 0}},
                    {"opcode": "cast", "op1": {"type": "temp", "id": 17, "dtype": "int"}, "op2": {"type": "literal", "id": 8, "dtype": "autoInt", "value": 1}, "op3": {"type": "none"}},
                    {"opcode": "write", "op1": {"type": "tempPtr", "id": 7, "dtype": "int"}, "op2": {"type": "temp", "id": 17, "dtype": "int"}, "op3": {"type": "none"}},
                    {"opcode": "addressAdd", "op1": {"type": "tempPtr", "id": 19, "dtype": "int"}, "op2": {"type": "tempPtr", "id": 7, "dtype": "int"}, "op3": {"type": "bytes", "id": 18, "bytes": 4}},
                    {"opcode": "cast", "op1": {"type": "temp", "id": 20, "dtype": "int"}, "op2": {"type": "literal", "id": 9, "dtype": "autoInt", "value": 2}, "op3": {"type": "none"}},
                    {"opcode": "write", "op1": {"type": "tempPtr", "id": 19, "dtype": "int"}, "op2": {"type": "temp", "id": 20, "dtype": "int"}, "op3": {"type": "none"}},
                    {"opcode": "addressAdd", "op1": {"type": "tempPtr", "id": 22, "dtype": "int"}, "op2": {"type": "tempPtr", "id": 19, "dtype": "int"}, "op3": {"type": "bytes", "id": 21, "bytes": 4}},
                    {"opcode": "cast", "op1": {"type": "temp", "id": 23, "dtype": "int"}, "op2": {"type": "literal", "id": 10, "dtype": "autoInt", "value": 3}, "op3": {"type": "none"}},
                    {"opcode": "write", "op1": {"type": "tempPtr", "id": 22, "dtype": "int"}, "op2": {"type": "temp", "id": 23, "dtype": "int"}, "op3": {"type": "none"}},
                    {"opcode": "addressAdd", "op1": {"type": "tempPtr", "id": 25, "dtype": "int"}, "op2": {"type": "tempPtr", "id": 22, "dtype": "int"}, "op3": {"type": "bytes", "id": 24, "bytes": 4}},
                    {"opcode": "cast", "op1": {"type": "temp", "id": 26, "dtype": "int"}, "op2": {"type": "literal", "id": 11, "dtype": "autoInt", "value": 4}, "op3": {"type": "none"}},
                    {"opcode": "write", "op1": {"type": "tempPtr", "id": 25, "dtype": "int"}, "op2": {"type": "temp", "id": 26, "dtype": "int"}, "op3": {"type": "none"}},
                    {"opcode": "addressAdd", "op1": {"type": "tempPtr", "id": 28, "dtype": "int"}, "op2": {"type": "tempPtr", "id": 25, "dtype": "int"}, "op3": {"type": "bytes", "id": 27, "bytes": 4}},
                    {"opcode": "cast", "op1": {"type": "temp", "id": 29, "dtype": "int"}, "op2": {"type": "literal", "id": 12, "dtype": "autoInt", "value": 5}, "op3": {"type": "none"}},
                    {"opcode": "write", "op1": {"type": "tempPtr", "id": 28, "dtype": "int"}, "op2": {"type": "temp", "id": 29, "dtype": "int"}, "op3": {"type": "none"}},
                    {"opcode": "addressAdd", "op1": {"type": "tempPtr", "id": 31, "dtype": "int"}, "op2": {"type": "tempPtr", "id": 28, "dtype": "int"}, "op3": {"type": "bytes", "id": 30, "bytes": 4}},
                    {"opcode": "cast", "op1": {"type": "temp", "id": 32, "dtype": "int"}, "op2": {"type": "literal", "id": 13, "dtype": "autoInt", "value": 6}, "op3": {"type": "none"}},
                    {"opcode": "write", "op1": {"type": "tempPtr", "id": 31, "dtype": "int"}, "op2": {"type": "temp", "id": 32, "dtype": "int"}, "op3": {"type": "none"}},
                    {"opcode": "addressAdd", "op1": {"type": "tempPtr", "id": 34, "dtype": "int"}, "op2": {"type": "tempPtr", "id": 31, "dtype": "int"}, "op3": {"type": "bytes", "id": 33, "bytes": 4}},
                    {"opcode": "cast", "op1": {"type": "temp", "id": 35, "dtype": "int"}, "op2": {"type": "literal", "id": 14, "dtype": "autoInt", "value": 7}, "op3": {"type": "none"}},
                    {"opcode": "write", "op1": {"type": "tempPtr", "id": 34, "dtype": "int"}, "op2": {"type": "temp", "id": 35, "dtype": "int"}, "op3": {"type": "none"}},
                    {"opcode": "addressAdd", "op1": {"type": "tempPtr", "id": 37, "dtype": "int"}, "op2": {"type": "tempPtr", "id": 34, "dtype": "int"}, "op3": {"type": "bytes", "id": 36, "bytes": 4}},
                    {"opcode": "cast", "op1": {"type": "temp", "id": 38, "dtype": "int"}, "op2": {"type": "literal", "id": 15, "dtype": "autoInt", "value": 8}, "op3": {"type": "none"}},
                    {"opcode": "write", "op1": {"type": "tempPtr", "id": 37, "dtype": "int"}, "op2": {"type": "temp", "id": 38, "dtype": "int"}, "op3": {"type": "none"}},
                    {"opcode": "addressAdd", "op1": {"type": "tempPtr", "id": 40, "dtype": "int"}, "op2": {"type": "tempPtr", "id": 37, "dtype": "int"}, "op3": {"type": "bytes", "id": 39, "bytes": 4}},
                    {"opcode": "cast", "op1": {"type": "temp", "id": 41, "dtype": "int"}, "op2": {"type": "literal", "id": 16, "dtype": "autoInt", "value": 9}, "op3": {"type": "none"}},
                    {"opcode": "write", "op1": {"type": "tempPtr", "id": 40, "dtype": "int"}, "op2": {"type": "temp", "id": 41, "dtype": "int"}, "op3": {"type": "none"}},
                    {"opcode": "createPointer", "op1": {"type": "tempPtr", "id": 44, "dtype": "int"}, "op2": {"type": "returnValue", "id": 42, "dtype": "struct"}, "op3": {"type": "none"}},
                    {"opcode": "createPointer", "op1": {"type": "tempPtr", "id": 45, "dtype": "int"}, "op2": {"type": "var", "id": 43, "name": "g", "dtype": "struct"}, "op3": {"type": "none"}},
                    {"opcode": "memoryCopy", "op1": {"type": "tempPtr", "id": 44, "dtype": "int"}, "op2": {"type": "tempPtr", "id": 45, "dtype": "int"}, "op3": {"type": "literal", "id": 46, "dtype": "autoInt", "value": 36}},
                    {"opcode": "return", "op1": {"type": "none"}, "op2": {"type": "none"}, "op3": {"type": "none"}}
                ]
            },
            "_fn_ForEachLoopDestructuredArray_shtk_length": {
                "icode": [
                    {"opcode": "cast", "op1": {"type": "temp", "id": 53, "dtype": "ulong"}, "op2": {"type": "literal", "id": 52, "dtype": "autoInt", "value": 3}, "op3": {"type": "none"}},
                    {"opcode": "equal", "op1": {"type": "returnValue", "id": 51, "dtype": "ulong"}, "op2": {"type": "temp", "id": 53, "dtype": "ulong"}, "op3": {"type": "none"}},
                    {"opcode": "return", "op1": {"type": "none"}, "op2": {"type": "none"}, "op3": {"type": "none"}}
                ]
            },
            "_fn_ForEachLoopDestructuredArray_shtk_subscriptItem": {
                "icode": [
                    {"opcode": "createPointer", "op1": {"type": "tempPtr", "id": 59, "dtype": "int"}, "op2": {"type": "var", "id": 58, "name": "self", "dtype": "struct"}, "op3": {"type": "none"}},
                    {"opcode": "addressAdd", "op1": {"type": "tempPtr", "id": 61, "dtype": "int"}, "op2": {"type": "tempPtr", "id": 59, "dtype": "int"}, "op3": {"type": "bytes", "id": 60, "bytes": 0}},
                    {"opcode": "addressMultiply", "op1": {"type": "tempPtr", "id": 64, "dtype": "void"}, "op2": {"type": "var", "id": 62, "name": "index", "dtype": "ulong"}, "op3": {"type": "bytes", "id": 63, "bytes": 12}},
                    {"opcode": "addressAdd", "op1": {"type": "tempPtr", "id": 65, "dtype": "int"}, "op2": {"type": "tempPtr", "id": 61, "dtype": "int"}, "op3": {"type": "tempPtr", "id": 64, "dtype": "void"}},
                    {"opcode": "createPointer", "op1": {"type": "tempPtr", "id": 66, "dtype": "int"}, "op2": {"type": "returnValue", "id": 57, "dtype": "int"}, "op3": {"type": "none"}},
                    {"opcode": "memoryCopy", "op1": {"type": "tempPtr", "id": 66, "dtype": "int"}, "op2": {"type": "tempPtr", "id": 65, "dtype": "int"}, "op3": {"type": "literal", "id": 67, "dtype": "autoInt", "value": 12}},
                    {"opcode": "return", "op1": {"type": "none"}, "op2": {"type": "none"}, "op3": {"type": "none"}}
                ]
            },
            "main": {
                "icode": [
                    {"opcode": "call", "op1": {"type": "calleeReturnValue", "id": 71, "dtype": "struct"}, "op2": {"type": "var", "id": 72, "name": "_fn_ForEachLoopDestructuredArray_shtk_createTestGenerator", "dtype": "struct"}, "op3": {"type": "module", "id": 73, "name": "ForEachLoopDestructuredArray.shtk"}},
                    {"opcode": "createPointer", "op1": {"type": "tempPtr", "id": 75, "dtype": "int"}, "op2": {"type": "var", "id": 74, "name": "a", "dtype": "struct"}, "op3": {"type": "none"}},
                    {"opcode": "createPointer", "op1": {"type": "tempPtr", "id": 76, "dtype": "int"}, "op2": {"type": "calleeReturnValue", "id": 71, "dtype": "struct"}, "op3": {"type": "none"}},
                    {"opcode": "memoryCopy", "op1": {"type": "tempPtr", "id": 75, "dtype": "int"}, "op2": {"type": "tempPtr", "id": 76, "dtype": "int"}, "op3": {"type": "literal", "id": 77, "dtype": "autoInt", "value": 36}},
                    {"opcode": "allocPointer", "op1": {"type": "tempPtr", "id": 82, "dtype": "autoInt"}, "op2": {"type": "none"}, "op3": {"type": "none"}},
                    {"opcode": "write", "op1": {"type": "tempPtr", "id": 82, "dtype": "autoInt"}, "op2": {"type": "literal", "id": 83, "dtype": "autoInt", "value": 0}, "op3": {"type": "none"}},
                    {"opcode": "createLabel", "op1": {"type": "label", "id": 84, "name": "_for_each_true_l27_c4"}, "op2": {"type": "none"}, "op3": {"type": "none"}},
                    {"opcode": "createPointer", "op1": {"type": "tempPtr", "id": 88, "dtype": "int"}, "op2": {"type": "var", "id": 78, "name": "a", "dtype": "struct"}, "op3": {"type": "none"}},
                    {"opcode": "passPointer", "op1": {"type": "tempPtr", "id": 88, "dtype": "int"}, "op2": {"type": "var", "id": 89, "name": "_fn_ForEachLoopDestructuredArray_shtk_length", "dtype": "ulong"}, "op3": {"type": "module", "id": 90, "name": "ForEachLoopDestructuredArray.shtk"}},
                    {"opcode": "call", "op1": {"type": "calleeReturnValue", "id": 91, "dtype": "ulong"}, "op2": {"type": "var", "id": 92, "name": "_fn_ForEachLoopDestructuredArray_shtk_length", "dtype": "ulong"}, "op3": {"type": "module", "id": 93, "name": "ForEachLoopDestructuredArray.shtk"}},
                    {"opcode": "read", "op1": {"type": "temp", "id": 94, "dtype": "autoInt"}, "op2": {"type": "tempPtr", "id": 82, "dtype": "autoInt"}, "op3": {"type": "none"}},
                    {"opcode": "cast", "op1": {"type": "temp", "id": 95, "dtype": "autoInt"}, "op2": {"type": "calleeReturnValue", "id": 91, "dtype": "ulong"}, "op3": {"type": "none"}},
                    {"opcode": "lessThan", "op1": {"type": "temp", "id": 94, "dtype": "autoInt"}, "op2": {"type": "temp", "id": 95, "dtype": "autoInt"}, "op3": {"type": "none"}},
                    {"opcode": "gotoIfFalse", "op1": {"type": "label", "id": 85, "name": "_for_each_false_l27_c4"}, "op2": {"type": "none"}, "op3": {"type": "none"}},
                    {"opcode": "createPointer", "op1": {"type": "tempPtr", "id": 98, "dtype": "int"}, "op2": {"type": "var", "id": 78, "name": "a", "dtype": "struct"}, "op3": {"type": "none"}},
                    {"opcode": "passPointer", "op1": {"type": "tempPtr", "id": 98, "dtype": "int"}, "op2": {"type": "var", "id": 99, "name": "_fn_ForEachLoopDestructuredArray_shtk_subscriptItem", "dtype": "int"}, "op3": {"type": "module", "id": 100, "name": "ForEachLoopDestructuredArray.shtk"}},
                    {"opcode": "read", "op1": {"type": "temp", "id": 101, "dtype": "autoInt"}, "op2": {"type": "tempPtr", "id": 82, "dtype": "autoInt"}, "op3": {"type": "none"}},
                    {"opcode": "cast", "op1": {"type": "temp", "id": 102, "dtype": "ulong"}, "op2": {"type": "temp", "id": 101, "dtype": "autoInt"}, "op3": {"type": "none"}},
                    {"opcode": "pass", "op1": {"type": "temp", "id": 102, "dtype": "ulong"}, "op2": {"type": "var", "id": 103, "name": "_fn_ForEachLoopDestructuredArray_shtk_subscriptItem", "dtype": "int"}, "op3": {"type": "module", "id": 104, "name": "ForEachLoopDestructuredArray.shtk"}},
                    {"opcode": "call", "op1": {"type": "calleeReturnValue", "id": 105, "dtype": "int"}, "op2": {"type": "var", "id": 106, "name": "_fn_ForEachLoopDestructuredArray_shtk_subscriptItem", "dtype": "int"}, "op3": {"type": "module", "id": 107, "name": "ForEachLoopDestructuredArray.shtk"}},
                    {"opcode": "createPointer", "op1": {"type": "tempPtr", "id": 109, "dtype": "int"}, "op2": {"type": "calleeReturnValue", "id": 105, "dtype": "int"}, "op3": {"type": "none"}},
                    {"opcode": "addressMultiply", "op1": {"type": "tempPtr", "id": 111, "dtype": "void"}, "op2": {"type": "literal", "id": 108, "dtype": "autoInt", "value": 0}, "op3": {"type": "bytes", "id": 110, "bytes": 4}},
                    {"opcode": "addressAdd", "op1": {"type": "tempPtr", "id": 112, "dtype": "int"}, "op2": {"type": "tempPtr", "id": 109, "dtype": "int"}, "op3": {"type": "tempPtr", "id": 111, "dtype": "void"}},
                    {"opcode": "createPointer", "op1": {"type": "tempPtr", "id": 114, "dtype": "int"}, "op2": {"type": "calleeReturnValue", "id": 105, "dtype": "int"}, "op3": {"type": "none"}},
                    {"opcode": "addressMultiply", "op1": {"type": "tempPtr", "id": 116, "dtype": "void"}, "op2": {"type": "literal", "id": 113, "dtype": "autoInt", "value": 1}, "op3": {"type": "bytes", "id": 115, "bytes": 4}},
                    {"opcode": "addressAdd", "op1": {"type": "tempPtr", "id": 117, "dtype": "int"}, "op2": {"type": "tempPtr", "id": 114, "dtype": "int"}, "op3": {"type": "tempPtr", "id": 116, "dtype": "void"}},
                    {"opcode": "createPointer", "op1": {"type": "tempPtr", "id": 119, "dtype": "int"}, "op2": {"type": "calleeReturnValue", "id": 105, "dtype": "int"}, "op3": {"type": "none"}},
                    {"opcode": "addressMultiply", "op1": {"type": "tempPtr", "id": 121, "dtype": "void"}, "op2": {"type": "literal", "id": 118, "dtype": "autoInt", "value": 2}, "op3": {"type": "bytes", "id": 120, "bytes": 4}},
                    {"opcode": "addressAdd", "op1": {"type": "tempPtr", "id": 122, "dtype": "int"}, "op2": {"type": "tempPtr", "id": 119, "dtype": "int"}, "op3": {"type": "tempPtr", "id": 121, "dtype": "void"}},
                    {"opcode": "read", "op1": {"type": "temp", "id": 123, "dtype": "int"}, "op2": {"type": "tempPtr", "id": 112, "dtype": "int"}, "op3": {"type": "none"}},
                    {"opcode": "equal", "op1": {"type": "var", "id": 79, "name": "x", "dtype": "int"}, "op2": {"type": "temp", "id": 123, "dtype": "int"}, "op3": {"type": "none"}},
                    {"opcode": "read", "op1": {"type": "temp", "id": 124, "dtype": "int"}, "op2": {"type": "tempPtr", "id": 117, "dtype": "int"}, "op3": {"type": "none"}},
                    {"opcode": "equal", "op1": {"type": "var", "id": 80, "name": "y", "dtype": "int"}, "op2": {"type": "temp", "id": 124, "dtype": "int"}, "op3": {"type": "none"}},
                    {"opcode": "read", "op1": {"type": "temp", "id": 125, "dtype": "int"}, "op2": {"type": "tempPtr", "id": 122, "dtype": "int"}, "op3": {"type": "none"}},
                    {"opcode": "equal", "op1": {"type": "var", "id": 81, "name": "z", "dtype": "int"}, "op2": {"type": "temp", "id": 125, "dtype": "int"}, "op3": {"type": "none"}},
                    {"opcode": "print", "op1": {"type": "var", "id": 126, "name": "x", "dtype": "int"}, "op2": {"type": "none"}, "op3": {"type": "none"}},
                    {"opcode": "space", "op1": {"type": "none"}, "op2": {"type": "none"}, "op3": {"type": "none"}},
                    {"opcode": "print", "op1": {"type": "var", "id": 127, "name": "y", "dtype": "int"}, "op2": {"type": "none"}, "op3": {"type": "none"}},
                    {"opcode": "space", "op1": {"type": "none"}, "op2": {"type": "none"}, "op3": {"type": "none"}},
                    {"opcode": "print", "op1": {"type": "var", "id": 128, "name": "z", "dtype": "int"}, "op2": {"type": "none"}, "op3": {"type": "none"}},
                    {"opcode": "newLine", "op1": {"type": "none"}, "op2": {"type": "none"}, "op3": {"type": "none"}},
                    {"opcode": "createLabel", "op1": {"type": "label", "id": 86, "name": "_for_each_cont_true_l27_c4"}, "op2": {"type": "none"}, "op3": {"type": "none"}},
                    {"opcode": "read", "op1": {"type": "temp", "id": 131, "dtype": "autoInt"}, "op2": {"type": "tempPtr", "id": 82, "dtype": "autoInt"}, "op3": {"type": "none"}},
                    {"opcode": "add", "op1": {"type": "temp", "id": 130, "dtype": "autoInt"}, "op2": {"type": "temp", "id": 131, "dtype": "autoInt"}, "op3": {"type": "literal", "id": 129, "dtype": "autoInt", "value": 1}},
                    {"opcode": "write", "op1": {"type": "tempPtr", "id": 82, "dtype": "autoInt"}, "op2": {"type": "temp", "id": 130, "dtype": "autoInt"}, "op3": {"type": "none"}},
                    {"opcode": "goto", "op1": {"type": "label", "id": 84, "name": "_for_each_true_l27_c4"}, "op2": {"type": "none"}, "op3": {"type": "none"}},
                    {"opcode": "createLabel", "op1": {"type": "label", "id": 85, "name": "_for_each_false_l27_c4"}, "op2": {"type": "none"}, "op3": {"type": "none"}},
                    {"opcode": "cast", "op1": {"type": "temp", "id": 134, "dtype": "int"}, "op2": {"type": "literal", "id": 133, "dtype": "autoInt", "value": 0}, "op3": {"type": "none"}},
                    {"opcode": "equal", "op1": {"type": "returnValue", "id": 132, "dtype": "int"}, "op2": {"type": "temp", "id": 134, "dtype": "int"}, "op3": {"type": "none"}},
                    {"opcode": "return", "op1": {"type": "none"}, "op2": {"type": "none"}, "op3": {"type": "none"}}
                ]
            }
        }
    }
}