{
    "moduleName": "Malloc.shtk",
    "functions": {
        "_fn_Malloc_shtk_createVector": {
            "icode": [
                {"opcode": "createPointer", "op1": {"type": "tempPtr", "id": 5, "dtype": "int"}, "op2": {"type": "var", "id": 4, "name": "v", "dtype": "struct"}, "op3": {"type": "none"}},
                {"opcode": "addressAdd", "op1": {"type": "tempPtr", "id": 7, "dtype": "int"}, "op2": {"type": "tempPtr", "id": 5, "dtype": "int"}, "op3": {"type": "bytes", "id": 6, "bytes": 0}},
                {"opcode": "write", "op1": {"type": "tempPtr", "id": 7, "dtype": "int"}, "op2": {"type": "var", "id": 8, "name": "x", "dtype": "int"}, "op3": {"type": "none"}},
                {"opcode": "createPointer", "op1": {"type": "tempPtr", "id": 10, "dtype": "int"}, "op2": {"type": "var", "id": 9, "name": "v", "dtype": "struct"}, "op3": {"type": "none"}},
                {"opcode": "addressAdd", "op1": {"type": "tempPtr", "id": 12, "dtype": "int"}, "op2": {"type": "tempPtr", "id": 10, "dtype": "int"}, "op3": {"type": "bytes", "id": 11, "bytes": 4}},
                {"opcode": "write", "op1": {"type": "tempPtr", "id": 12, "dtype": "int"}, "op2": {"type": "var", "id": 13, "name": "y", "dtype": "int"}, "op3": {"type": "none"}},
                {"opcode": "createPointer", "op1": {"type": "tempPtr", "id": 16, "dtype": "int"}, "op2": {"type": "returnValue", "id": 14, "dtype": "struct"}, "op3": {"type": "none"}},
                {"opcode": "createPointer", "op1": {"type": "tempPtr", "id": 17, "dtype": "int"}, "op2": {"type": "var", "id": 15, "name": "v", "dtype": "struct"}, "op3": {"type": "none"}},
                {"opcode": "memoryCopy", "op1": {"type": "tempPtr", "id": 16, "dtype": "int"}, "op2": {"type": "tempPtr", "id": 17, "dtype": "int"}, "op3": {"type": "literal", "id": 18, "dtype": "autoInt", "value": 8}},
                {"opcode": "return", "op1": {"type": "none"}, "op2": {"type": "none"}, "op3": {"type": "none"}}
            ]
        },
        "main": {
            "icode": [
                {"opcode": "multiply", "op1": {"type": "temp", "id": 25, "dtype": "autoInt"}, "op2": {"type": "literal", "id": 23, "dtype": "autoInt", "value": 8}, "op3": {"type": "literal", "id": 24, "dtype": "autoInt", "value": 10}},
                {"opcode": "cast", "op1": {"type": "temp", "id": 27, "dtype": "ulong"}, "op2": {"type": "temp", "id": 25, "dtype": "autoInt"}, "op3": {"type": "none"}},
                {"opcode": "pass", "op1": {"type": "temp", "id": 27, "dtype": "ulong"}, "op2": {"type": "var", "id": 28, "name": "malloc", "dtype": "ubyte"}, "op3": {"type": "module", "id": 29, "name": "Malloc.shtk"}},
                {"opcode": "call", "op1": {"type": "calleeReturnPointer", "id": 30, "dtype": "ubyte"}, "op2": {"type": "var", "id": 31, "name": "malloc", "dtype": "ubyte"}, "op3": {"type": "module", "id": 32, "name": "Malloc.shtk"}},
                {"opcode": "pointerCast", "op1": {"type": "tempPtr", "id": 33, "dtype": "struct"}, "op2": {"type": "calleeReturnPointer", "id": 30, "dtype": "ubyte"}, "op3": {"type": "none"}},
                {"opcode": "pointerAssign", "op1": {"type": "ptr", "id": 22, "name": "vecArray", "dtype": "struct"}, "op2": {"type": "tempPtr", "id": 33, "dtype": "struct"}, "op3": {"type": "none"}},
                {"opcode": "cast", "op1": {"type": "temp", "id": 37, "dtype": "int"}, "op2": {"type": "literal", "id": 36, "dtype": "autoInt", "value": 0}, "op3": {"type": "none"}},
                {"opcode": "equal", "op1": {"type": "var", "id": 35, "name": "i", "dtype": "int"}, "op2": {"type": "temp", "id": 37, "dtype": "int"}, "op3": {"type": "none"}},
                {"opcode": "createLabel", "op1": {"type": "label", "id": 38, "name": "_for_true_l31_c4"}, "op2": {"type": "none"}, "op3": {"type": "none"}},
                {"opcode": "cast", "op1": {"type": "temp", "id": 43, "dtype": "int"}, "op2": {"type": "literal", "id": 42, "dtype": "autoInt", "value": 10}, "op3": {"type": "none"}},
                {"opcode": "lessThan", "op1": {"type": "var", "id": 41, "name": "i", "dtype": "int"}, "op2": {"type": "temp", "id": 43, "dtype": "int"}, "op3": {"type": "none"}},
                {"opcode": "gotoIfFalse", "op1": {"type": "label", "id": 39, "name": "_for_false_l31_c4"}, "op2": {"type": "none"}, "op3": {"type": "none"}},
                {"opcode": "createPointer", "op1": {"type": "tempPtr", "id": 46, "dtype": "int"}, "op2": {"type": "ptr", "id": 44, "name": "vecArray", "dtype": "struct"}, "op3": {"type": "none"}},
                {"opcode": "addressMultiply", "op1": {"type": "tempPtr", "id": 48, "dtype": "void"}, "op2": {"type": "var", "id": 45, "name": "i", "dtype": "int"}, "op3": {"type": "bytes", "id": 47, "bytes": 8}},
                {"opcode": "addressAdd", "op1": {"type": "tempPtr", "id": 49, "dtype": "int"}, "op2": {"type": "tempPtr", "id": 46, "dtype": "int"}, "op3": {"type": "tempPtr", "id": 48, "dtype": "void"}},
                {"opcode": "pass", "op1": {"type": "var", "id": 50, "name": "i", "dtype": "int"}, "op2": {"type": "var", "id": 53, "name": "_fn_Malloc_shtk_createVector", "dtype": "struct"}, "op3": {"type": "module", "id": 54, "name": "Malloc.shtk"}},
                {"opcode": "cast", "op1": {"type": "temp", "id": 58, "dtype": "int"}, "op2": {"type": "literal", "id": 56, "dtype": "autoInt", "value": 10}, "op3": {"type": "none"}},
                {"opcode": "add", "op1": {"type": "temp", "id": 57, "dtype": "int"}, "op2": {"type": "var", "id": 55, "name": "i", "dtype": "int"}, "op3": {"type": "temp", "id": 58, "dtype": "int"}},
                {"opcode": "pass", "op1": {"type": "temp", "id": 57, "dtype": "int"}, "op2": {"type": "var", "id": 59, "name": "_fn_Malloc_shtk_createVector", "dtype": "struct"}, "op3": {"type": "module", "id": 60, "name": "Malloc.shtk"}},
                {"opcode": "call", "op1": {"type": "calleeReturnValue", "id": 61, "dtype": "struct"}, "op2": {"type": "var", "id": 62, "name": "_fn_Malloc_shtk_createVector", "dtype": "struct"}, "op3": {"type": "module", "id": 63, "name": "Malloc.shtk"}},
                {"opcode": "createPointer", "op1": {"type": "tempPtr", "id": 64, "dtype": "int"}, "op2": {"type": "tempPtr", "id": 49, "dtype": "int"}, "op3": {"type": "none"}},
                {"opcode": "createPointer", "op1": {"type": "tempPtr", "id": 65, "dtype": "int"}, "op2": {"type": "calleeReturnValue", "id": 61, "dtype": "struct"}, "op3": {"type": "none"}},
                {"opcode": "memoryCopy", "op1": {"type": "tempPtr", "id": 64, "dtype": "int"}, "op2": {"type": "tempPtr", "id": 65, "dtype": "int"}, "op3": {"type": "literal", "id": 66, "dtype": "autoInt", "value": 8}},
                {"opcode": "createLabel", "op1": {"type": "label", "id": 40, "name": "_for_cont_true_l31_c4"}, "op2": {"type": "none"}, "op3": {"type": "none"}},
                {"opcode": "cast", "op1": {"type": "temp", "id": 70, "dtype": "int"}, "op2": {"type": "literal", "id": 68, "dtype": "autoInt", "value": 1}, "op3": {"type": "none"}},
                {"opcode": "add", "op1": {"type": "temp", "id": 69, "dtype": "int"}, "op2": {"type": "var", "id": 67, "name": "i", "dtype": "int"}, "op3": {"type": "temp", "id": 70, "dtype": "int"}},
                {"opcode": "equal", "op1": {"type": "var", "id": 67, "name": "i", "dtype": "int"}, "op2": {"type": "temp", "id": 69, "dtype": "int"}, "op3": {"type": "none"}},
                {"opcode": "goto", "op1": {"type": "label", "id": 38, "name": "_for_true_l31_c4"}, "op2": {"type": "none"}, "op3": {"type": "none"}},
                {"opcode": "createLabel", "op1": {"type": "label", "id": 39, "name": "_for_false_l31_c4"}, "op2": {"type": "none"}, "op3": {"type": "none"}},
                {"opcode": "cast", "op1": {"type": "temp", "id": 73, "dtype": "int"}, "op2": {"type": "literal", "id": 72, "dtype": "autoInt", "value": 0}, "op3": {"type": "none"}},
                {"opcode": "equal", "op1": {"type": "var", "id": 71, "name": "i", "dtype": "int"}, "op2": {"type": "temp", "id": 73, "dtype": "int"}, "op3": {"type": "none"}},
                {"opcode": "createLabel", "op1": {"type": "label", "id": 74, "name": "_for_true_l34_c4"}, "op2": {"type": "none"}, "op3": {"type": "none"}},
                {"opcode": "cast", "op1": {"type": "temp", "id": 79, "dtype": "int"}, "op2": {"type": "literal", "id": 78, "dtype": "autoInt", "value": 10}, "op3": {"type": "none"}},
                {"opcode": "lessThan", "op1": {"type": "var", "id": 77, "name": "i", "dtype": "int"}, "op2": {"type": "temp", "id": 79, "dtype": "int"}, "op3": {"type": "none"}},
                {"opcode": "gotoIfFalse", "op1": {"type": "label", "id": 75, "name": "_for_false_l34_c4"}, "op2": {"type": "none"}, "op3": {"type": "none"}},
                {"opcode": "createPointer", "op1": {"type": "tempPtr", "id": 82, "dtype": "int"}, "op2": {"type": "ptr", "id": 80, "name": "vecArray", "dtype": "struct"}, "op3": {"type": "none"}},
                {"opcode": "addressMultiply", "op1": {"type": "tempPtr", "id": 84, "dtype": "void"}, "op2": {"type": "var", "id": 81, "name": "i", "dtype": "int"}, "op3": {"type": "bytes", "id": 83, "bytes": 8}},
                {"opcode": "addressAdd", "op1": {"type": "tempPtr", "id": 85, "dtype": "int"}, "op2": {"type": "tempPtr", "id": 82, "dtype": "int"}, "op3": {"type": "tempPtr", "id": 84, "dtype": "void"}},
                {"opcode": "createPointer", "op1": {"type": "tempPtr", "id": 87, "dtype": "int"}, "op2": {"type": "tempPtr", "id": 85, "dtype": "int"}, "op3": {"type": "none"}},
                {"opcode": "passPointer", "op1": {"type": "tempPtr", "id": 87, "dtype": "int"}, "op2": {"type": "var", "id": 88, "name": "_fn_TestModules_Vector_shtk_printVec", "dtype": "void"}, "op3": {"type": "module", "id": 89, "name": "TestModules/Vector.shtk"}},
                {"opcode": "call", "op1": {"type": "calleeReturnValue", "id": 90, "dtype": "void"}, "op2": {"type": "var", "id": 91, "name": "_fn_TestModules_Vector_shtk_printVec", "dtype": "void"}, "op3": {"type": "module", "id": 92, "name": "TestModules/Vector.shtk"}},
                {"opcode": "createLabel", "op1": {"type": "label", "id": 76, "name": "_for_cont_true_l34_c4"}, "op2": {"type": "none"}, "op3": {"type": "none"}},
                {"opcode": "cast", "op1": {"type": "temp", "id": 96, "dtype": "int"}, "op2": {"type": "literal", "id": 94, "dtype": "autoInt", "value": 1}, "op3": {"type": "none"}},
                {"opcode": "add", "op1": {"type": "temp", "id": 95, "dtype": "int"}, "op2": {"type": "var", "id": 93, "name": "i", "dtype": "int"}, "op3": {"type": "temp", "id": 96, "dtype": "int"}},
                {"opcode": "equal", "op1": {"type": "var", "id": 93, "name": "i", "dtype": "int"}, "op2": {"type": "temp", "id": 95, "dtype": "int"}, "op3": {"type": "none"}},
                {"opcode": "goto", "op1": {"type": "label", "id": 74, "name": "_for_true_l34_c4"}, "op2": {"type": "none"}, "op3": {"type": "none"}},
                {"opcode": "createLabel", "op1": {"type": "label", "id": 75, "name": "_for_false_l34_c4"}, "op2": {"type": "none"}, "op3": {"type": "none"}},
                {"opcode": "cast", "op1": {"type": "temp", "id": 99, "dtype": "int"}, "op2": {"type": "literal", "id": 98, "dtype": "autoInt", "value": 0}, "op3": {"type": "none"}},
                {"opcode": "equal", "op1": {"type": "returnValue", "id": 97, "dtype": "int"}, "op2": {"type": "temp", "id": 99, "dtype": "int"}, "op3": {"type": "none"}},
                {"opcode": "return", "op1": {"type": "none"}, "op2": {"type": "none"}, "op3": {"type": "none"}}
            ]
        }
    }
}