{
    "ResetModuleAfterFunCall.shtk": {
        "moduleName": "ResetModuleAfterFunCall.shtk",
        "functions": {
            "main": {
                "icode": [
                    {"opcode": "createPointer", "op1": {"type": "tempPtr", "id": 5, "dtype": "int"}, "op2": {"type": "var", "id": 4, "name": "a", "dtype": "struct"}, "op3": {"type": "none"}},
                    {"opcode": "addressAdd", "op1": {"type": "tempPtr", "id": 7, "dtype": "int"}, "op2": {"type": "tempPtr", "id": 5, "dtype": "int"}, "op3": {"type": "bytes", "id": 6, "bytes": 0}},
                    {"opcode": "cast", "op1": {"type": "temp", "id": 9, "dtype": "int"}, "op2": {"type": "literal", "id": 8, "dtype": "autoInt", "value": 1}, "op3": {"type": "none"}},
                    {"opcode": "write", "op1": {"type": "tempPtr", "id": 7, "dtype": "int"}, "op2": {"type": "temp", "id": 9, "dtype": "int"}, "op3": {"type": "none"}},
                    {"opcode": "createPointer", "op1": {"type": "tempPtr", "id": 11, "dtype": "int"}, "op2": {"type": "var", "id": 10, "name": "a", "dtype": "struct"}, "op3": {"type": "none"}},
                    {"opcode": "addressAdd", "op1": {"type": "tempPtr", "id": 13, "dtype": "int"}, "op2": {"type": "tempPtr", "id": 11, "dtype": "int"}, "op3": {"type": "bytes", "id": 12, "bytes": 4}},
                    {"opcode": "cast", "op1": {"type": "temp", "id": 15, "dtype": "int"}, "op2": {"type": "literal", "id": 14, "dtype": "autoInt", "value": 1}, "op3": {"type": "none"}},
                    {"opcode": "write", "op1": {"type": "tempPtr", "id": 13, "dtype": "int"}, "op2": {"type": "temp", "id": 15, "dtype": "int"}, "op3": {"type": "none"}},
                    {"opcode": "cast", "op1": {"type": "temp", "id": 19, "dtype": "int"}, "op2": {"type": "literal", "id": 16, "dtype": "autoInt", "value": 0}, "op3": {"type": "none"}},
                    {"opcode": "pass", "op1": {"type": "temp", "id": 19, "dtype": "int"}, "op2": {"type": "var", "id": 20, "name": "_fn_TestModules_Digital_shtk_digitalWrite", "dtype": "void"}, "op3": {"type": "module", "id": 21, "name": "TestModules/Digital.shtk"}},
                    {"opcode": "cast", "op1": {"type": "temp", "id": 23, "dtype": "int"}, "op2": {"type": "literal", "id": 22, "dtype": "autoInt", "value": 0}, "op3": {"type": "none"}},
                    {"opcode": "pass", "op1": {"type": "temp", "id": 23, "dtype": "int"}, "op2": {"type": "var", "id": 24, "name": "_fn_TestModules_Digital_shtk_digitalWrite", "dtype": "void"}, "op3": {"type": "module", "id": 25, "name": "TestModules/Digital.shtk"}},
                    {"opcode": "call", "op1": {"type": "calleeReturnValue", "id": 26, "dtype": "void"}, "op2": {"type": "var", "id": 27, "name": "_fn_TestModules_Digital_shtk_digitalWrite", "dtype": "void"}, "op3": {"type": "module", "id": 28, "name": "TestModules/Digital.shtk"}},
                    {"opcode": "createPointer", "op1": {"type": "tempPtr", "id": 34, "dtype": "int"}, "op2": {"type": "var", "id": 32, "name": "a", "dtype": "struct"}, "op3": {"type": "none"}},
                    {"opcode": "passPointer", "op1": {"type": "tempPtr", "id": 34, "dtype": "int"}, "op2": {"type": "var", "id": 35, "name": "_fn_TestModules_Vector_shtk_isUnitVector", "dtype": "byte"}, "op3": {"type": "module", "id": 36, "name": "TestModules/Vector.shtk"}},
                    {"opcode": "call", "op1": {"type": "calleeReturnValue", "id": 37, "dtype": "byte"}, "op2": {"type": "var", "id": 38, "name": "_fn_TestModules_Vector_shtk_isUnitVector", "dtype": "byte"}, "op3": {"type": "module", "id": 39, "name": "TestModules/Vector.shtk"}},
                    {"opcode": "cast", "op1": {"type": "temp", "id": 41, "dtype": "byte"}, "op2": {"type": "literal", "id": 40, "dtype": "autoInt", "value": 1}, "op3": {"type": "none"}},
                    {"opcode": "isEqual", "op1": {"type": "calleeReturnValue", "id": 37, "dtype": "byte"}, "op2": {"type": "temp", "id": 41, "dtype": "byte"}, "op3": {"type": "none"}},
                    {"opcode": "gotoIfFalse", "op1": {"type": "label", "id": 31, "name": "_if_false_l13_c4"}, "op2": {"type": "none"}, "op3": {"type": "none"}},
                    {"opcode": "printString", "op1": {"type": "stringData", "id": 42, "name": "_str_ResetModuleAfterFunCall_shtk__l14_c16", "size": 11}, "op2": {"type": "none"}, "op3": {"type": "none"}},
                    {"opcode": "newLine", "op1": {"type": "none"}, "op2": {"type": "none"}, "op3": {"type": "none"}},
                    {"opcode": "createLabel", "op1": {"type": "label", "id": 31, "name": "_if_false_l13_c4"}, "op2": {"type": "none"}, "op3": {"type": "none"}},
                    {"opcode": "cast", "op1": {"type": "temp", "id": 45, "dtype": "int"}, "op2": {"type": "literal", "id": 44, "dtype": "autoInt", "value": 0}, "op3": {"type": "none"}},
                    {"opcode": "equal", "op1": {"type": "returnValue", "id": 43, "dtype": "int"}, "op2": {"type": "temp", "id": 45, "dtype": "int"}, "op3": {"type": "none"}},
                    {"opcode": "return", "op1": {"type": "none"}, "op2": {"type": "none"}, "op3": {"type": "none"}}
                ]
            }
        }
    },
    "TestModules/Digital.shtk": {
        "moduleName": "TestModules/Digital.shtk",
        "functions": {
            "_fn_TestModules_Digital_shtk_digitalWrite": {
                "icode": [
                    {"opcode": "cast", "op1": {"type": "temp", "id": 8, "dtype": "int"}, "op2": {"type": "literal", "id": 7, "dtype": "autoInt", "value": 0}, "op3": {"type": "none"}},
                    {"opcode": "isEqual", "op1": {"type": "var", "id": 6, "name": "val", "dtype": "int"}, "op2": {"type": "temp", "id": 8, "dtype": "int"}, "op3": {"type": "none"}},
                    {"opcode": "gotoIfFalse", "op1": {"type": "label", "id": 5, "name": "_if_false_l5_c4"}, "op2": {"type": "none"}, "op3": {"type": "none"}},
                    {"opcode": "printString", "op1": {"type": "stringData", "id": 9, "name": "_str_TestModules_Digital_shtk__l5_c27", "size": 4}, "op2": {"type": "none"}, "op3": {"type": "none"}},
                    {"opcode": "space", "op1": {"type": "none"}, "op2": {"type": "none"}, "op3": {"type": "none"}},
                    {"opcode": "print", "op1": {"type": "var", "id": 10, "name": "pin", "dtype": "int"}, "op2": {"type": "none"}, "op3": {"type": "none"}},
                    {"opcode": "space", "op1": {"type": "none"}, "op2": {"type": "none"}, "op3": {"type": "none"}},
                    {"opcode": "printString", "op1": {"type": "stringData", "id": 11, "name": "_str_TestModules_Digital_shtk__l5_c39", "size": 4}, "op2": {"type": "none"}, "op3": {"type": "none"}},
                    {"opcode": "newLine", "op1": {"type": "none"}, "op2": {"type": "none"}, "op3": {"type": "none"}},
                    {"opcode": "goto", "op1": {"type": "label", "id": 3, "name": "_ifend_false_l5_c4"}, "op2": {"type": "none"}, "op3": {"type": "none"}},
                    {"opcode": "createLabel", "op1": {"type": "label", "id": 5, "name": "_if_false_l5_c4"}, "op2": {"type": "none"}, "op3": {"type": "none"}},
                    {"opcode": "printString", "op1": {"type": "stringData", "id": 14, "name": "_str_TestModules_Digital_shtk__l5_c27", "size": 4}, "op2": {"type": "none"}, "op3": {"type": "none"}},
                    {"opcode": "space", "op1": {"type": "none"}, "op2": {"type": "none"}, "op3": {"type": "none"}},
                    {"opcode": "print", "op1": {"type": "var", "id": 15, "name": "pin", "dtype": "int"}, "op2": {"type": "none"}, "op3": {"type": "none"}},
                    {"opcode": "space", "op1": {"type": "none"}, "op2": {"type": "none"}, "op3": {"type": "none"}},
                    {"opcode": "printString", "op1": {"type": "stringData", "id": 16, "name": "_str_TestModules_Digital_shtk__l6_c29", "size": 5}, "op2": {"type": "none"}, "op3": {"type": "none"}},
                    {"opcode": "newLine", "op1": {"type": "none"}, "op2": {"type": "none"}, "op3": {"type": "none"}},
                    {"opcode": "createLabel", "op1": {"type": "label", "id": 3, "name": "_ifend_false_l5_c4"}, "op2": {"type": "none"}, "op3": {"type": "none"}},
                    {"opcode": "return", "op1": {"type": "none"}, "op2": {"type": "none"}, "op3": {"type": "none"}}
                ]
            }
        }
    },
    "TestModules/Vector.shtk": {
        "moduleName": "TestModules/Vector.shtk",
        "functions": {
            "_fn_TestModules_Vector_shtk_add": {
                "icode": [
                    {"opcode": "createPointer", "op1": {"type": "tempPtr", "id": 18, "dtype": "int"}, "op2": {"type": "var", "id": 17, "name": "res", "dtype": "struct"}, "op3": {"type": "none"}},
                    {"opcode": "addressAdd", "op1": {"type": "tempPtr", "id": 20, "dtype": "int"}, "op2": {"type": "tempPtr", "id": 18, "dtype": "int"}, "op3": {"type": "bytes", "id": 19, "bytes": 0}},
                    {"opcode": "createPointer", "op1": {"type": "tempPtr", "id": 22, "dtype": "int"}, "op2": {"type": "var", "id": 21, "name": "this", "dtype": "struct"}, "op3": {"type": "none"}},
                    {"opcode": "addressAdd", "op1": {"type": "tempPtr", "id": 24, "dtype": "int"}, "op2": {"type": "tempPtr", "id": 22, "dtype": "int"}, "op3": {"type": "bytes", "id": 23, "bytes": 0}},
                    {"opcode": "createPointer", "op1": {"type": "tempPtr", "id": 26, "dtype": "int"}, "op2": {"type": "var", "id": 25, "name": "other", "dtype": "struct"}, "op3": {"type": "none"}},
                    {"opcode": "addressAdd", "op1": {"type": "tempPtr", "id": 28, "dtype": "int"}, "op2": {"type": "tempPtr", "id": 26, "dtype": "int"}, "op3": {"type": "bytes", "id": 27, "bytes": 0}},
                    {"opcode": "read", "op1": {"type": "temp", "id": 30, "dtype": "int"}, "op2": {"type": "tempPtr", "id": 24, "dtype": "int"}, "op3": {"type": "none"}},
                    {"opcode": "read", "op1": {"type": "temp", "id": 31, "dtype": "int"}, "op2": {"type": "tempPtr", "id": 28, "dtype": "int"}, "op3": {"type": "none"}},
                    {"opcode": "add", "op1": {"type": "temp", "id": 29, "dtype": "int"}, "op2": {"type": "temp", "id": 30, "dtype": "int"}, "op3": {"type": "temp", "id": 31, "dtype": "int"}},
                    {"opcode": "write", "op1": {"type": "tempPtr", "id": 20, "dtype": "int"}, "op2": {"type": "temp", "id": 29, "dtype": "int"}, "op3": {"type": "none"}},
                    {"opcode": "createPointer", "op1": {"type": "tempPtr", "id": 33, "dtype": "int"}, "op2": {"type": "var", "id": 32, "name": "res", "dtype": "struct"}, "op3": {"type": "none"}},
                    {"opcode": "addressAdd", "op1": {"type": "tempPtr", "id": 35, "dtype": "int"}, "op2": {"type": "tempPtr", "id": 33, "dtype": "int"}, "op3": {"type": "bytes", "id": 34, "bytes": 4}},
                    {"opcode": "createPointer", "op1": {"type": "tempPtr", "id": 37, "dtype": "int"}, "op2": {"type": "var", "id": 36, "name": "this", "dtype": "struct"}, "op3": {"type": "none"}},
                    {"opcode": "addressAdd", "op1": {"type": "tempPtr", "id": 39, "dtype": "int"}, "op2": {"type": "tempPtr", "id": 37, "dtype": "int"}, "op3": {"type": "bytes", "id": 38, "bytes": 4}},
                    {"opcode": "createPointer", "op1": {"type": "tempPtr", "id": 41, "dtype": "int"}, "op2": {"type": "var", "id": 40, "name": "other", "dtype": "struct"}, "op3": {"type": "none"}},
                    {"opcode": "addressAdd", "op1": {"type": "tempPtr", "id": 43, "dtype": "int"}, "op2": {"type": "tempPtr", "id": 41, "dtype": "int"}, "op3": {"type": "bytes", "id": 42, "bytes": 4}},
                    {"opcode": "read", "op1": {"type": "temp", "id": 45, "dtype": "int"}, "op2": {"type": "tempPtr", "id": 39, "dtype": "int"}, "op3": {"type": "none"}},
                    {"opcode": "read", "op1": {"type": "temp", "id": 46, "dtype": "int"}, "op2": {"type": "tempPtr", "id": 43, "dtype": "int"}, "op3": {"type": "none"}},
                    {"opcode": "add", "op1": {"type": "temp", "id": 44, "dtype": "int"}, "op2": {"type": "temp", "id": 45, "dtype": "int"}, "op3": {"type": "temp", "id": 46, "dtype": "int"}},
                    {"opcode": "write", "op1": {"type": "tempPtr", "id": 35, "dtype": "int"}, "op2": {"type": "temp", "id": 44, "dtype": "int"}, "op3": {"type": "none"}},
                    {"opcode": "createPointer", "op1": {"type": "tempPtr", "id": 49, "dtype": "int"}, "op2": {"type": "returnValue", "id": 47, "dtype": "struct"}, "op3": {"type": "none"}},
                    {"opcode": "createPointer", "op1": {"type": "tempPtr", "id": 50, "dtype": "int"}, "op2": {"type": "var", "id": 48, "name": "res", "dtype": "struct"}, "op3": {"type": "none"}},
                    {"opcode": "memoryCopy", "op1": {"type": "tempPtr", "id": 49, "dtype": "int"}, "op2": {"type": "tempPtr", "id": 50, "dtype": "int"}, "op3": {"type": "literal", "id": 51, "dtype": "autoInt", "value": 8}},
                    {"opcode": "return", "op1": {"type": "none"}, "op2": {"type": "none"}, "op3": {"type": "none"}}
                ]
            },
            "_fn_TestModules_Vector_shtk_dot": {
                "icode": [
                    {"opcode": "createPointer", "op1": {"type": "tempPtr", "id": 133, "dtype": "int"}, "op2": {"type": "var", "id": 132, "name": "this", "dtype": "struct"}, "op3": {"type": "none"}},
                    {"opcode": "addressAdd", "op1": {"type": "tempPtr", "id": 135, "dtype": "int"}, "op2": {"type": "tempPtr", "id": 133, "dtype": "int"}, "op3": {"type": "bytes", "id": 134, "bytes": 0}},
                    {"opcode": "createPointer", "op1": {"type": "tempPtr", "id": 137, "dtype": "int"}, "op2": {"type": "var", "id": 136, "name": "other", "dtype": "struct"}, "op3": {"type": "none"}},
                    {"opcode": "addressAdd", "op1": {"type": "tempPtr", "id": 139, "dtype": "int"}, "op2": {"type": "tempPtr", "id": 137, "dtype": "int"}, "op3": {"type": "bytes", "id": 138, "bytes": 0}},
                    {"opcode": "read", "op1": {"type": "temp", "id": 141, "dtype": "int"}, "op2": {"type": "tempPtr", "id": 135, "dtype": "int"}, "op3": {"type": "none"}},
                    {"opcode": "read", "op1": {"type": "temp", "id": 142, "dtype": "int"}, "op2": {"type": "tempPtr", "id": 139, "dtype": "int"}, "op3": {"type": "none"}},
                    {"opcode": "multiply", "op1": {"type": "temp", "id": 140, "dtype": "int"}, "op2": {"type": "temp", "id": 141, "dtype": "int"}, "op3": {"type": "temp", "id": 142, "dtype": "int"}},
                    {"opcode": "createPointer", "op1": {"type": "tempPtr", "id": 144, "dtype": "int"}, "op2": {"type": "var", "id": 143, "name": "this", "dtype": "struct"}, "op3": {"type": "none"}},
                    {"opcode": "addressAdd", "op1": {"type": "tempPtr", "id": 146, "dtype": "int"}, "op2": {"type": "tempPtr", "id": 144, "dtype": "int"}, "op3": {"type": "bytes", "id": 145, "bytes": 4}},
                    {"opcode": "createPointer", "op1": {"type": "tempPtr", "id": 148, "dtype": "int"}, "op2": {"type": "var", "id": 147, "name": "other", "dtype": "struct"}, "op3": {"type": "none"}},
                    {"opcode": "addressAdd", "op1": {"type": "tempPtr", "id": 150, "dtype": "int"}, "op2": {"type": "tempPtr", "id": 148, "dtype": "int"}, "op3": {"type": "bytes", "id": 149, "bytes": 4}},
                    {"opcode": "read", "op1": {"type": "temp", "id": 152, "dtype": "int"}, "op2": {"type": "tempPtr", "id": 146, "dtype": "int"}, "op3": {"type": "none"}},
                    {"opcode": "read", "op1": {"type": "temp", "id": 153, "dtype": "int"}, "op2": {"type": "tempPtr", "id": 150, "dtype": "int"}, "op3": {"type": "none"}},
                    {"opcode": "multiply", "op1": {"type": "temp", "id": 151, "dtype": "int"}, "op2": {"type": "temp", "id": 152, "dtype": "int"}, "op3": {"type": "temp", "id": 153, "dtype": "int"}},
                    {"opcode": "add", "op1": {"type": "temp", "id": 154, "dtype": "int"}, "op2": {"type": "temp", "id": 140, "dtype": "int"}, "op3": {"type": "temp", "id": 151, "dtype": "int"}},
                    {"opcode": "equal", "op1": {"type": "returnValue", "id": 131, "dtype": "int"}, "op2": {"type": "temp", "id": 154, "dtype": "int"}, "op3": {"type": "none"}},
                    {"opcode": "return", "op1": {"type": "none"}, "op2": {"type": "none"}, "op3": {"type": "none"}}
                ]
            },
            "_fn_TestModules_Vector_shtk_greaterThan": {
                "icode": [
                    {"opcode": "createPointer", "op1": {"type": "tempPtr", "id": 57, "dtype": "int"}, "op2": {"type": "var", "id": 56, "name": "this", "dtype": "struct"}, "op3": {"type": "none"}},
                    {"opcode": "addressAdd", "op1": {"type": "tempPtr", "id": 59, "dtype": "int"}, "op2": {"type": "tempPtr", "id": 57, "dtype": "int"}, "op3": {"type": "bytes", "id": 58, "bytes": 0}},
                    {"opcode": "createPointer", "op1": {"type": "tempPtr", "id": 61, "dtype": "int"}, "op2": {"type": "var", "id": 60, "name": "this", "dtype": "struct"}, "op3": {"type": "none"}},
                    {"opcode": "addressAdd", "op1": {"type": "tempPtr", "id": 63, "dtype": "int"}, "op2": {"type": "tempPtr", "id": 61, "dtype": "int"}, "op3": {"type": "bytes", "id": 62, "bytes": 0}},
                    {"opcode": "read", "op1": {"type": "temp", "id": 65, "dtype": "int"}, "op2": {"type": "tempPtr", "id": 59, "dtype": "int"}, "op3": {"type": "none"}},
                    {"opcode": "read", "op1": {"type": "temp", "id": 66, "dtype": "int"}, "op2": {"type": "tempPtr", "id": 63, "dtype": "int"}, "op3": {"type": "none"}},
                    {"opcode": "multiply", "op1": {"type": "temp", "id": 64, "dtype": "int"}, "op2": {"type": "temp", "id": 65, "dtype": "int"}, "op3": {"type": "temp", "id": 66, "dtype": "int"}},
                    {"opcode": "createPointer", "op1": {"type": "tempPtr", "id": 68, "dtype": "int"}, "op2": {"type": "var", "id": 67, "name": "this", "dtype": "struct"}, "op3": {"type": "none"}},
                    {"opcode": "addressAdd", "op1": {"type": "tempPtr", "id": 70, "dtype": "int"}, "op2": {"type": "tempPtr", "id": 68, "dtype": "int"}, "op3": {"type": "bytes", "id": 69, "bytes": 4}},
                    {"opcode": "createPointer", "op1": {"type": "tempPtr", "id": 72, "dtype": "int"}, "op2": {"type": "var", "id": 71, "name": "this", "dtype": "struct"}, "op3": {"type": "none"}},
                    {"opcode": "addressAdd", "op1": {"type": "tempPtr", "id": 74, "dtype": "int"}, "op2": {"type": "tempPtr", "id": 72, "dtype": "int"}, "op3": {"type": "bytes", "id": 73, "bytes": 4}},
                    {"opcode": "read", "op1": {"type": "temp", "id": 76, "dtype": "int"}, "op2": {"type": "tempPtr", "id": 70, "dtype": "int"}, "op3": {"type": "none"}},
                    {"opcode": "read", "op1": {"type": "temp", "id": 77, "dtype": "int"}, "op2": {"type": "tempPtr", "id": 74, "dtype": "int"}, "op3": {"type": "none"}},
                    {"opcode": "multiply", "op1": {"type": "temp", "id": 75, "dtype": "int"}, "op2": {"type": "temp", "id": 76, "dtype": "int"}, "op3": {"type": "temp", "id": 77, "dtype": "int"}},
                    {"opcode": "add", "op1": {"type": "temp", "id": 78, "dtype": "int"}, "op2": {"type": "temp", "id": 64, "dtype": "int"}, "op3": {"type": "temp", "id": 75, "dtype": "int"}},
                    {"opcode": "cast", "op1": {"type": "temp", "id": 79, "dtype": "float"}, "op2": {"type": "temp", "id": 78, "dtype": "int"}, "op3": {"type": "none"}},
                    {"opcode": "pass", "op1": {"type": "temp", "id": 79, "dtype": "float"}, "op2": {"type": "var", "id": 81, "name": "sqrtf", "dtype": "float"}, "op3": {"type": "module", "id": 82, "name": "TestModules/Vector.shtk"}},
                    {"opcode": "call", "op1": {"type": "calleeReturnValue", "id": 83, "dtype": "float"}, "op2": {"type": "var", "id": 84, "name": "sqrtf", "dtype": "float"}, "op3": {"type": "module", "id": 85, "name": "TestModules/Vector.shtk"}},
                    {"opcode": "equal", "op1": {"type": "var", "id": 55, "name": "thisLen", "dtype": "float"}, "op2": {"type": "calleeReturnValue", "id": 83, "dtype": "float"}, "op3": {"type": "none"}},
                    {"opcode": "createPointer", "op1": {"type": "tempPtr", "id": 88, "dtype": "int"}, "op2": {"type": "var", "id": 87, "name": "other", "dtype": "struct"}, "op3": {"type": "none"}},
                    {"opcode": "addressAdd", "op1": {"type": "tempPtr", "id": 90, "dtype": "int"}, "op2": {"type": "tempPtr", "id": 88, "dtype": "int"}, "op3": {"type": "bytes", "id": 89, "bytes": 0}},
                    {"opcode": "createPointer", "op1": {"type": "tempPtr", "id": 92, "dtype": "int"}, "op2": {"type": "var", "id": 91, "name": "other", "dtype": "struct"}, "op3": {"type": "none"}},
                    {"opcode": "addressAdd", "op1": {"type": "tempPtr", "id": 94, "dtype": "int"}, "op2": {"type": "tempPtr", "id": 92, "dtype": "int"}, "op3": {"type": "bytes", "id": 93, "bytes": 0}},
                    {"opcode": "read", "op1": {"type": "temp", "id": 96, "dtype": "int"}, "op2": {"type": "tempPtr", "id": 90, "dtype": "int"}, "op3": {"type": "none"}},
                    {"opcode": "read", "op1": {"type": "temp", "id": 97, "dtype": "int"}, "op2": {"type": "tempPtr", "id": 94, "dtype": "int"}, "op3": {"type": "none"}},
                    {"opcode": "multiply", "op1": {"type": "temp", "id": 95, "dtype": "int"}, "op2": {"type": "temp", "id": 96, "dtype": "int"}, "op3": {"type": "temp", "id": 97, "dtype": "int"}},
                    {"opcode": "createPointer", "op1": {"type": "tempPtr", "id": 99, "dtype": "int"}, "op2": {"type": "var", "id": 98, "name": "other", "dtype": "struct"}, "op3": {"type": "none"}},
                    {"opcode": "addressAdd", "op1": {"type": "tempPtr", "id": 101, "dtype": "int"}, "op2": {"type": "tempPtr", "id": 99, "dtype": "int"}, "op3": {"type": "bytes", "id": 100, "bytes": 4}},
                    {"opcode": "createPointer", "op1": {"type": "tempPtr", "id": 103, "dtype": "int"}, "op2": {"type": "var", "id": 102, "name": "other", "dtype": "struct"}, "op3": {"type": "none"}},
                    {"opcode": "addressAdd", "op1": {"type": "tempPtr", "id": 105, "dtype": "int"}, "op2": {"type": "tempPtr", "id": 103, "dtype": "int"}, "op3": {"type": "bytes", "id": 104, "bytes": 4}},
                    {"opcode": "read", "op1": {"type": "temp", "id": 107, "dtype": "int"}, "op2": {"type": "tempPtr", "id": 101, "dtype": "int"}, "op3": {"type": "none"}},
                    {"opcode": "read", "op1": {"type": "temp", "id": 108, "dtype": "int"}, "op2": {"type": "tempPtr", "id": 105, "dtype": "int"}, "op3": {"type": "none"}},
                    {"opcode": "multiply", "op1": {"type": "temp", "id": 106, "dtype": "int"}, "op2": {"type": "temp", "id": 107, "dtype": "int"}, "op3": {"type": "temp", "id": 108, "dtype": "int"}},
                    {"opcode": "add", "op1": {"type": "temp", "id": 109, "dtype": "int"}, "op2": {"type": "temp", "id": 95, "dtype": "int"}, "op3": {"type": "temp", "id": 106, "dtype": "int"}},
                    {"opcode": "cast", "op1": {"type": "temp", "id": 110, "dtype": "float"}, "op2": {"type": "temp", "id": 109, "dtype": "int"}, "op3": {"type": "none"}},
                    {"opcode": "pass", "op1": {"type": "temp", "id": 110, "dtype": "float"}, "op2": {"type": "var", "id": 112, "name": "sqrtf", "dtype": "float"}, "op3": {"type": "module", "id": 113, "name": "TestModules/Vector.shtk"}},
                    {"opcode": "call", "op1": {"type": "calleeReturnValue", "id": 114, "dtype": "float"}, "op2": {"type": "var", "id": 115, "name": "sqrtf", "dtype": "float"}, "op3": {"type": "module", "id": 116, "name": "TestModules/Vector.shtk"}},
                    {"opcode": "equal", "op1": {"type": "var", "id": 86, "name": "otherLen", "dtype": "float"}, "op2": {"type": "calleeReturnValue", "id": 114, "dtype": "float"}, "op3": {"type": "none"}},
                    {"opcode": "allocPointer", "op1": {"type": "tempPtr", "id": 118, "dtype": "autoInt"}, "op2": {"type": "none"}, "op3": {"type": "none"}},
                    {"opcode": "greaterThan", "op1": {"type": "var", "id": 122, "name": "thisLen", "dtype": "float"}, "op2": {"type": "var", "id": 123, "name": "otherLen", "dtype": "float"}, "op3": {"type": "none"}},
                    {"opcode": "gotoIfFalse", "op1": {"type": "label", "id": 120, "name": "_condn_exp_false_l29_c11"}, "op2": {"type": "none"}, "op3": {"type": "none"}},
                    {"opcode": "write", "op1": {"type": "tempPtr", "id": 118, "dtype": "autoInt"}, "op2": {"type": "literal", "id": 124, "dtype": "autoInt", "value": 1}, "op3": {"type": "none"}},
                    {"opcode": "goto", "op1": {"type": "label", "id": 121, "name": "_condn_exp_end_false_l29_c11"}, "op2": {"type": "none"}, "op3": {"type": "none"}},
                    {"opcode": "createLabel", "op1": {"type": "label", "id": 120, "name": "_condn_exp_false_l29_c11"}, "op2": {"type": "none"}, "op3": {"type": "none"}},
                    {"opcode": "write", "op1": {"type": "tempPtr", "id": 118, "dtype": "autoInt"}, "op2": {"type": "literal", "id": 125, "dtype": "autoInt", "value": 0}, "op3": {"type": "none"}},
                    {"opcode": "createLabel", "op1": {"type": "label", "id": 121, "name": "_condn_exp_end_false_l29_c11"}, "op2": {"type": "none"}, "op3": {"type": "none"}},
                    {"opcode": "read", "op1": {"type": "temp", "id": 126, "dtype": "autoInt"}, "op2": {"type": "tempPtr", "id": 118, "dtype": "autoInt"}, "op3": {"type": "none"}},
                    {"opcode": "cast", "op1": {"type": "temp", "id": 127, "dtype": "byte"}, "op2": {"type": "temp", "id": 126, "dtype": "autoInt"}, "op3": {"type": "none"}},
                    {"opcode": "equal", "op1": {"type": "returnValue", "id": 117, "dtype": "byte"}, "op2": {"type": "temp", "id": 127, "dtype": "byte"}, "op3": {"type": "none"}},
                    {"opcode": "return", "op1": {"type": "none"}, "op2": {"type": "none"}, "op3": {"type": "none"}}
                ]
            },
            "_fn_TestModules_Vector_shtk_isUnitVector": {
                "icode": [
                    {"opcode": "createPointer", "op1": {"type": "tempPtr", "id": 179, "dtype": "int"}, "op2": {"type": "var", "id": 178, "name": "vector", "dtype": "struct"}, "op3": {"type": "none"}},
                    {"opcode": "addressAdd", "op1": {"type": "tempPtr", "id": 181, "dtype": "int"}, "op2": {"type": "tempPtr", "id": 179, "dtype": "int"}, "op3": {"type": "bytes", "id": 180, "bytes": 0}},
                    {"opcode": "read", "op1": {"type": "temp", "id": 183, "dtype": "int"}, "op2": {"type": "tempPtr", "id": 181, "dtype": "int"}, "op3": {"type": "none"}},
                    {"opcode": "cast", "op1": {"type": "temp", "id": 184, "dtype": "int"}, "op2": {"type": "literal", "id": 182, "dtype": "autoInt", "value": 1}, "op3": {"type": "none"}},
                    {"opcode": "isEqual", "op1": {"type": "temp", "id": 183, "dtype": "int"}, "op2": {"type": "temp", "id": 184, "dtype": "int"}, "op3": {"type": "none"}},
                    {"opcode": "gotoIfFalse", "op1": {"type": "label", "id": 175, "name": "_if_false_l44_c4"}, "op2": {"type": "none"}, "op3": {"type": "none"}},
                    {"opcode": "createPointer", "op1": {"type": "tempPtr", "id": 186, "dtype": "int"}, "op2": {"type": "var", "id": 185, "name": "vector", "dtype": "struct"}, "op3": {"type": "none"}},
                    {"opcode": "addressAdd", "op1": {"type": "tempPtr", "id": 188, "dtype": "int"}, "op2": {"type": "tempPtr", "id": 186, "dtype": "int"}, "op3": {"type": "bytes", "id": 187, "bytes": 4}},
                    {"opcode": "read", "op1": {"type": "temp", "id": 190, "dtype": "int"}, "op2": {"type": "tempPtr", "id": 188, "dtype": "int"}, "op3": {"type": "none"}},
                    {"opcode": "cast", "op1": {"type": "temp", "id": 191, "dtype": "int"}, "op2": {"type": "literal", "id": 189, "dtype": "autoInt", "value": 1}, "op3": {"type": "none"}},
                    {"opcode": "isEqual", "op1": {"type": "temp", "id": 190, "dtype": "int"}, "op2": {"type": "temp", "id": 191, "dtype": "int"}, "op3": {"type": "none"}},
                    {"opcode": "gotoIfFalse", "op1": {"type": "label", "id": 175, "name": "_if_false_l44_c4"}, "op2": {"type": "none"}, "op3": {"type": "none"}},
                    {"opcode": "cast", "op1": {"type": "temp", "id": 194, "dtype": "byte"}, "op2": {"type": "literal", "id": 193, "dtype": "autoInt", "value": 1}, "op3": {"type": "none"}},
                    {"opcode": "equal", "op1": {"type": "returnValue", "id": 192, "dtype": "byte"}, "op2": {"type": "temp", "id": 194, "dtype": "byte"}, "op3": {"type": "none"}},
                    {"opcode": "return", "op1": {"type": "none"}, "op2": {"type": "none"}, "op3": {"type": "none"}},
                    {"opcode": "createLabel", "op1": {"type": "label", "id": 175, "name": "_if_false_l44_c4"}, "op2": {"type": "none"}, "op3": {"type": "none"}},
                    {"opcode": "cast", "op1": {"type": "temp", "id": 197, "dtype": "byte"}, "op2": {"type": "literal", "id": 196, "dtype": "autoInt", "value": 0}, "op3": {"type": "none"}},
                    {"opcode": "equal", "op1": {"type": "returnValue", "id": 195, "dtype": "byte"}, "op2": {"type": "temp", "id": 197, "dtype": "byte"}, "op3": {"type": "none"}},
                    {"opcode": "return", "op1": {"type": "none"}, "op2": {"type": "none"}, "op3": {"type": "none"}}
                ]
            },
            "_fn_TestModules_Vector_shtk_printVec": {
                "icode": [
                    {"opcode": "printString", "op1": {"type": "stringData", "id": 158, "name": "_str_TestModules_Vector_shtk__l39_c12", "size": 3}, "op2": {"type": "none"}, "op3": {"type": "none"}},
                    {"opcode": "space", "op1": {"type": "none"}, "op2": {"type": "none"}, "op3": {"type": "none"}},
                    {"opcode": "createPointer", "op1": {"type": "tempPtr", "id": 160, "dtype": "int"}, "op2": {"type": "var", "id": 159, "name": "vector", "dtype": "struct"}, "op3": {"type": "none"}},
                    {"opcode": "addressAdd", "op1": {"type": "tempPtr", "id": 162, "dtype": "int"}, "op2": {"type": "tempPtr", "id": 160, "dtype": "int"}, "op3": {"type": "bytes", "id": 161, "bytes": 0}},
                    {"opcode": "read", "op1": {"type": "temp", "id": 163, "dtype": "int"}, "op2": {"type": "tempPtr", "id": 162, "dtype": "int"}, "op3": {"type": "none"}},
                    {"opcode": "print", "op1": {"type": "temp", "id": 163, "dtype": "int"}, "op2": {"type": "none"}, "op3": {"type": "none"}},
                    {"opcode": "space", "op1": {"type": "none"}, "op2": {"type": "none"}, "op3": {"type": "none"}},
                    {"opcode": "printString", "op1": {"type": "stringData", "id": 164, "name": "_str_TestModules_Vector_shtk__l39_c28", "size": 3}, "op2": {"type": "none"}, "op3": {"type": "none"}},
                    {"opcode": "space", "op1": {"type": "none"}, "op2": {"type": "none"}, "op3": {"type": "none"}},
                    {"opcode": "createPointer", "op1": {"type": "tempPtr", "id": 166, "dtype": "int"}, "op2": {"type": "var", "id": 165, "name": "vector", "dtype": "struct"}, "op3": {"type": "none"}},
                    {"opcode": "addressAdd", "op1": {"type": "tempPtr", "id": 168, "dtype": "int"}, "op2": {"type": "tempPtr", "id": 166, "dtype": "int"}, "op3": {"type": "bytes", "id": 167, "bytes": 4}},
                    {"opcode": "read", "op1": {"type": "temp", "id": 169, "dtype": "int"}, "op2": {"type": "tempPtr", "id": 168, "dtype": "int"}, "op3": {"type": "none"}},
                    {"opcode": "print", "op1": {"type": "temp", "id": 169, "dtype": "int"}, "op2": {"type": "none"}, "op3": {"type": "none"}},
                    {"opcode": "newLine", "op1": {"type": "none"}, "op2": {"type": "none"}, "op3": {"type": "none"}},
                    {"opcode": "return", "op1": {"type": "none"}, "op2": {"type": "none"}, "op3": {"type": "none"}}
                ]
            },
            "_fn_TestModules_Vector_shtk_setVec": {
                "icode": [
                    {"opcode": "createPointer", "op1": {"type": "tempPtr", "id": 4, "dtype": "int"}, "op2": {"type": "var", "id": 3, "name": "this", "dtype": "struct"}, "op3": {"type": "none"}},
                    {"opcode": "addressAdd", "op1": {"type": "tempPtr", "id": 6, "dtype": "int"}, "op2": {"type": "tempPtr", "id": 4, "dtype": "int"}, "op3": {"type": "bytes", "id": 5, "bytes": 0}},
                    {"opcode": "write", "op1": {"type": "tempPtr", "id": 6, "dtype": "int"}, "op2": {"type": "var", "id": 7, "name": "x", "dtype": "int"}, "op3": {"type": "none"}},
                    {"opcode": "createPointer", "op1": {"type": "tempPtr", "id": 9, "dtype": "int"}, "op2": {"type": "var", "id": 8, "name": "this", "dtype": "struct"}, "op3": {"type": "none"}},
                    {"opcode": "addressAdd", "op1": {"type": "tempPtr", "id": 11, "dtype": "int"}, "op2": {"type": "tempPtr", "id": 9, "dtype": "int"}, "op3": {"type": "bytes", "id": 10, "bytes": 4}},
                    {"opcode": "write", "op1": {"type": "tempPtr", "id": 11, "dtype": "int"}, "op2": {"type": "var", "id": 12, "name": "y", "dtype": "int"}, "op3": {"type": "none"}},
                    {"opcode": "return", "op1": {"type": "none"}, "op2": {"type": "none"}, "op3": {"type": "none"}}
                ]
            }
        }
    }
}