MODULE BitwiseAssignOperatorOnFloatError.shtk
ERROR in Line 5 Col 7

    a |= b
      ^
Bitwise operators only allowed on integer types

BitwiseAssignOperatorOnFloatError.shtk:5:6
