MODULE DeconstructorNotSameModuleError.shtk
ERROR in Line 3 Col 4

fn __deconstructor__(self: Foobar)
   ^
Invalid deconstructor function

DeconstructorNotSameModuleError.shtk:3:3
