MODULE GenericStructDoesNotExistError.shtk
ERROR in Line 3 Col 12

    var a: Foo[int, float]
           ^
Generic does not exist

GenericStructDoesNotExistError.shtk:3:11
