MODULE GlobalAlreadyExistsError.shtk
ERROR in Line 3 Col 5

var sin: int
    ^
Symbol already exists

GlobalAlreadyExistsError.shtk:3:4
