{
  "token": {"string": "", "tokenType": "NONE", "line": 0, "col": 0, "file": ""},
  "children": [
    {
      "token": {"string": "fn", "tokenType": "FUNCTION", "line": 1, "col": 0, "file": "ForLoop.shtk"},
      "children": [
        {
          "token": {"string": "test", "tokenType": "IDENTIFIER", "line": 1, "col": 3, "file": "ForLoop.shtk"},
          "children": [
            
          ]
        },
        {
          "token": {"string": "{", "tokenType": "OPEN_BRACE", "line": 2, "col": 0, "file": "ForLoop.shtk"},
          "children": [
            {
              "token": {"string": "for", "tokenType": "FOR", "line": 3, "col": 4, "file": "ForLoop.shtk"},
              "children": [
                {
                  "token": {"string": "a", "tokenType": "IDENTIFIER", "line": 3, "col": 8, "file": "ForLoop.shtk"},
                  "children": [
                    {
                      "token": {"string": "a", "tokenType": "IDENTIFIER", "line": 3, "col": 8, "file": "ForLoop.shtk"},
                      "children": [
                        {
                          "token": {"string": "a", "tokenType": "IDENTIFIER", "line": 3, "col": 8, "file": "ForLoop.shtk"},
                          "children": [
                            
                          ]
                        }
                      ]
                    },
                    {
                      "token": {"string": "=", "tokenType": "EQUAL", "line": 3, "col": 10, "file": "ForLoop.shtk"},
                      "children": [
                        
                      ]
                    },
                    {
                      "token": {"string": "1", "tokenType": "INT_LITERAL", "line": 3, "col": 12, "file": "ForLoop.shtk"},
                      "children": [
                        {
                          "token": {"string": "1", "tokenType": "INT_LITERAL", "line": 3, "col": 12, "file": "ForLoop.shtk"},
                          "children": [
                            {
                              "token": {"string": "1", "tokenType": "INT_LITERAL", "line": 3, "col": 12, "file": "ForLoop.shtk"},
                              "children": [
                                
                              ]
                            }
                          ]
                        }
                      ]
                    }
                  ]
                },
                {
                  "token": {"string": "a", "tokenType": "IDENTIFIER", "line": 3, "col": 15, "file": "ForLoop.shtk"},
                  "children": [
                    {
                      "token": {"string": "a", "tokenType": "IDENTIFIER", "line": 3, "col": 15, "file": "ForLoop.shtk"},
                      "children": [
                        {
                          "token": {"string": "a", "tokenType": "IDENTIFIER", "line": 3, "col": 15, "file": "ForLoop.shtk"},
                          "children": [
                            {
                              "token": {"string": "a", "tokenType": "IDENTIFIER", "line": 3, "col": 15, "file": "ForLoop.shtk"},
                              "children": [
                                
                              ]
                            }
                          ]
                        }
                      ]
                    },
                    {
                      "token": {"string": "<", "tokenType": "LESS_THAN", "line": 3, "col": 17, "file": "ForLoop.shtk"},
                      "children": [
                        
                      ]
                    },
                    {
                      "token": {"string": "2", "tokenType": "INT_LITERAL", "line": 3, "col": 19, "file": "ForLoop.shtk"},
                      "children": [
                        {
                          "token": {"string": "2", "tokenType": "INT_LITERAL", "line": 3, "col": 19, "file": "ForLoop.shtk"},
                          "children": [
                            {
                              "token": {"string": "2", "tokenType": "INT_LITERAL", "line": 3, "col": 19, "file": "ForLoop.shtk"},
                              "children": [
                                
                              ]
                            }
                          ]
                        }
                      ]
                    }
                  ]
                },
                {
                  "token": {"string": "a", "tokenType": "IDENTIFIER", "line": 3, "col": 22, "file": "ForLoop.shtk"},
                  "children": [
                    {
                      "token": {"string": "a", "tokenType": "IDENTIFIER", "line": 3, "col": 22, "file": "ForLoop.shtk"},
                      "children": [
                        {
                          "token": {"string": "a", "tokenType": "IDENTIFIER", "line": 3, "col": 22, "file": "ForLoop.shtk"},
                          "children": [
                            
                          ]
                        }
                      ]
                    },
                    {
                      "token": {"string": "+=", "tokenType": "PLUS_EQUAL", "line": 3, "col": 24, "file": "ForLoop.shtk"},
                      "children": [
                        
                      ]
                    },
                    {
                      "token": {"string": "1", "tokenType": "INT_LITERAL", "line": 3, "col": 27, "file": "ForLoop.shtk"},
                      "children": [
                        {
                          "token": {"string": "1", "tokenType": "INT_LITERAL", "line": 3, "col": 27, "file": "ForLoop.shtk"},
                          "children": [
                            {
                              "token": {"string": "1", "tokenType": "INT_LITERAL", "line": 3, "col": 27, "file": "ForLoop.shtk"},
                              "children": [
                                
                              ]
                            }
                          ]
                        }
                      ]
                    }
                  ]
                },
                {
                  "token": {"string": "{", "tokenType": "OPEN_BRACE", "line": 3, "col": 29, "file": "ForLoop.shtk"},
                  "children": [
                    {
                      "token": {"string": "println", "tokenType": "PRINTLN", "line": 4, "col": 8, "file": "ForLoop.shtk"},
                      "children": [
                        {
                          "token": {"string": "\"Hello\"", "tokenType": "STR_LITERAL", "line": 4, "col": 16, "file": "ForLoop.shtk"},
                          "children": [
                            {
                              "token": {"string": "\"Hello\"", "tokenType": "STR_LITERAL", "line": 4, "col": 16, "file": "ForLoop.shtk"},
                              "children": [
                                
                              ]
                            }
                          ]
                        }
                      ]
                    }
                  ]
                }
              ]
            },
            {
              "token": {"string": "for", "tokenType": "FOR", "line": 7, "col": 4, "file": "ForLoop.shtk"},
              "children": [
                {
                  "token": {"string": "a", "tokenType": "IDENTIFIER", "line": 7, "col": 9, "file": "ForLoop.shtk"},
                  "children": [
                    {
                      "token": {"string": "a", "tokenType": "IDENTIFIER", "line": 7, "col": 9, "file": "ForLoop.shtk"},
                      "children": [
                        {
                          "token": {"string": "a", "tokenType": "IDENTIFIER", "line": 7, "col": 9, "file": "ForLoop.shtk"},
                          "children": [
                            
                          ]
                        }
                      ]
                    },
                    {
                      "token": {"string": "=", "tokenType": "EQUAL", "line": 7, "col": 11, "file": "ForLoop.shtk"},
                      "children": [
                        
                      ]
                    },
                    {
                      "token": {"string": "1", "tokenType": "INT_LITERAL", "line": 7, "col": 13, "file": "ForLoop.shtk"},
                      "children": [
                        {
                          "token": {"string": "1", "tokenType": "INT_LITERAL", "line": 7, "col": 13, "file": "ForLoop.shtk"},
                          "children": [
                            {
                              "token": {"string": "1", "tokenType": "INT_LITERAL", "line": 7, "col": 13, "file": "ForLoop.shtk"},
                              "children": [
                                
                              ]
                            }
                          ]
                        }
                      ]
                    }
                  ]
                },
                {
                  "token": {"string": "a", "tokenType": "IDENTIFIER", "line": 7, "col": 16, "file": "ForLoop.shtk"},
                  "children": [
                    {
                      "token": {"string": "a", "tokenType": "IDENTIFIER", "line": 7, "col": 16, "file": "ForLoop.shtk"},
                      "children": [
                        {
                          "token": {"string": "a", "tokenType": "IDENTIFIER", "line": 7, "col": 16, "file": "ForLoop.shtk"},
                          "children": [
                            {
                              "token": {"string": "a", "tokenType": "IDENTIFIER", "line": 7, "col": 16, "file": "ForLoop.shtk"},
                              "children": [
                                
                              ]
                            }
                          ]
                        }
                      ]
                    },
                    {
                      "token": {"string": "<", "tokenType": "LESS_THAN", "line": 7, "col": 18, "file": "ForLoop.shtk"},
                      "children": [
                        
                      ]
                    },
                    {
                      "token": {"string": "2", "tokenType": "INT_LITERAL", "line": 7, "col": 20, "file": "ForLoop.shtk"},
                      "children": [
                        {
                          "token": {"string": "2", "tokenType": "INT_LITERAL", "line": 7, "col": 20, "file": "ForLoop.shtk"},
                          "children": [
                            {
                              "token": {"string": "2", "tokenType": "INT_LITERAL", "line": 7, "col": 20, "file": "ForLoop.shtk"},
                              "children": [
                                
                              ]
                            }
                          ]
                        }
                      ]
                    }
                  ]
                },
                {
                  "token": {"string": "a", "tokenType": "IDENTIFIER", "line": 7, "col": 23, "file": "ForLoop.shtk"},
                  "children": [
                    {
                      "token": {"string": "a", "tokenType": "IDENTIFIER", "line": 7, "col": 23, "file": "ForLoop.shtk"},
                      "children": [
                        {
                          "token": {"string": "a", "tokenType": "IDENTIFIER", "line": 7, "col": 23, "file": "ForLoop.shtk"},
                          "children": [
                            
                          ]
                        }
                      ]
                    },
                    {
                      "token": {"string": "+=", "tokenType": "PLUS_EQUAL", "line": 7, "col": 25, "file": "ForLoop.shtk"},
                      "children": [
                        
                      ]
                    },
                    {
                      "token": {"string": "1", "tokenType": "INT_LITERAL", "line": 7, "col": 28, "file": "ForLoop.shtk"},
                      "children": [
                        {
                          "token": {"string": "1", "tokenType": "INT_LITERAL", "line": 7, "col": 28, "file": "ForLoop.shtk"},
                          "children": [
                            {
                              "token": {"string": "1", "tokenType": "INT_LITERAL", "line": 7, "col": 28, "file": "ForLoop.shtk"},
                              "children": [
                                
                              ]
                            }
                          ]
                        }
                      ]
                    }
                  ]
                },
                {
                  "token": {"string": "{", "tokenType": "OPEN_BRACE", "line": 7, "col": 31, "file": "ForLoop.shtk"},
                  "children": [
                    {
                      "token": {"string": "println", "tokenType": "PRINTLN", "line": 8, "col": 8, "file": "ForLoop.shtk"},
                      "children": [
                        {
                          "token": {"string": "\"Hello\"", "tokenType": "STR_LITERAL", "line": 8, "col": 16, "file": "ForLoop.shtk"},
                          "children": [
                            {
                              "token": {"string": "\"Hello\"", "tokenType": "STR_LITERAL", "line": 8, "col": 16, "file": "ForLoop.shtk"},
                              "children": [
                                
                              ]
                            }
                          ]
                        }
                      ]
                    }
                  ]
                }
              ]
            },
            {
              "token": {"string": "for", "tokenType": "FOR", "line": 11, "col": 4, "file": "ForLoop.shtk"},
              "children": [
                {
                  "token": {"string": "a", "tokenType": "IDENTIFIER", "line": 11, "col": 8, "file": "ForLoop.shtk"},
                  "children": [
                    {
                      "token": {"string": "foo", "tokenType": "IDENTIFIER", "line": 11, "col": 10, "file": "ForLoop.shtk"},
                      "children": [
                        {
                          "token": {"string": "foo", "tokenType": "IDENTIFIER", "line": 11, "col": 10, "file": "ForLoop.shtk"},
                          "children": [
                            {
                              "token": {"string": "a", "tokenType": "IDENTIFIER", "line": 11, "col": 8, "file": "ForLoop.shtk"},
                              "children": [
                                
                              ]
                            }
                          ]
                        }
                      ]
                    }
                  ]
                },
                {
                  "token": {"string": "a", "tokenType": "IDENTIFIER", "line": 11, "col": 17, "file": "ForLoop.shtk"},
                  "children": [
                    {
                      "token": {"string": "a", "tokenType": "IDENTIFIER", "line": 11, "col": 17, "file": "ForLoop.shtk"},
                      "children": [
                        {
                          "token": {"string": "a", "tokenType": "IDENTIFIER", "line": 11, "col": 17, "file": "ForLoop.shtk"},
                          "children": [
                            {
                              "token": {"string": "a", "tokenType": "IDENTIFIER", "line": 11, "col": 17, "file": "ForLoop.shtk"},
                              "children": [
                                
                              ]
                            }
                          ]
                        }
                      ]
                    },
                    {
                      "token": {"string": "<", "tokenType": "LESS_THAN", "line": 11, "col": 19, "file": "ForLoop.shtk"},
                      "children": [
                        
                      ]
                    },
                    {
                      "token": {"string": "2", "tokenType": "INT_LITERAL", "line": 11, "col": 21, "file": "ForLoop.shtk"},
                      "children": [
                        {
                          "token": {"string": "2", "tokenType": "INT_LITERAL", "line": 11, "col": 21, "file": "ForLoop.shtk"},
                          "children": [
                            {
                              "token": {"string": "2", "tokenType": "INT_LITERAL", "line": 11, "col": 21, "file": "ForLoop.shtk"},
                              "children": [
                                
                              ]
                            }
                          ]
                        }
                      ]
                    }
                  ]
                },
                {
                  "token": {"string": "a", "tokenType": "IDENTIFIER", "line": 11, "col": 24, "file": "ForLoop.shtk"},
                  "children": [
                    {
                      "token": {"string": "a", "tokenType": "IDENTIFIER", "line": 11, "col": 24, "file": "ForLoop.shtk"},
                      "children": [
                        {
                          "token": {"string": "a", "tokenType": "IDENTIFIER", "line": 11, "col": 24, "file": "ForLoop.shtk"},
                          "children": [
                            
                          ]
                        }
                      ]
                    },
                    {
                      "token": {"string": "+=", "tokenType": "PLUS_EQUAL", "line": 11, "col": 26, "file": "ForLoop.shtk"},
                      "children": [
                        
                      ]
                    },
                    {
                      "token": {"string": "1", "tokenType": "INT_LITERAL", "line": 11, "col": 29, "file": "ForLoop.shtk"},
                      "children": [
                        {
                          "token": {"string": "1", "tokenType": "INT_LITERAL", "line": 11, "col": 29, "file": "ForLoop.shtk"},
                          "children": [
                            {
                              "token": {"string": "1", "tokenType": "INT_LITERAL", "line": 11, "col": 29, "file": "ForLoop.shtk"},
                              "children": [
                                
                              ]
                            }
                          ]
                        }
                      ]
                    }
                  ]
                },
                {
                  "token": {"string": "{", "tokenType": "OPEN_BRACE", "line": 11, "col": 31, "file": "ForLoop.shtk"},
                  "children": [
                    {
                      "token": {"string": "println", "tokenType": "PRINTLN", "line": 12, "col": 8, "file": "ForLoop.shtk"},
                      "children": [
                        {
                          "token": {"string": "\"Hello\"", "tokenType": "STR_LITERAL", "line": 12, "col": 16, "file": "ForLoop.shtk"},
                          "children": [
                            {
                              "token": {"string": "\"Hello\"", "tokenType": "STR_LITERAL", "line": 12, "col": 16, "file": "ForLoop.shtk"},
                              "children": [
                                
                              ]
                            }
                          ]
                        }
                      ]
                    }
                  ]
                }
              ]
            },
            {
              "token": {"string": "for", "tokenType": "FOR", "line": 15, "col": 4, "file": "ForLoop.shtk"},
              "children": [
                {
                  "token": {"string": "var", "tokenType": "VAR", "line": 15, "col": 8, "file": "ForLoop.shtk"},
                  "children": [
                    {
                      "token": {"string": "i", "tokenType": "IDENTIFIER", "line": 15, "col": 12, "file": "ForLoop.shtk"},
                      "children": [
                        
                      ]
                    },
                    {
                      "token": {"string": "int", "tokenType": "IDENTIFIER", "line": 15, "col": 15, "file": "ForLoop.shtk"},
                      "children": [
                        
                      ]
                    },
                    {
                      "token": {"string": "=", "tokenType": "EQUAL", "line": 15, "col": 19, "file": "ForLoop.shtk"},
                      "children": [
                        
                      ]
                    },
                    {
                      "token": {"string": "1", "tokenType": "INT_LITERAL", "line": 15, "col": 21, "file": "ForLoop.shtk"},
                      "children": [
                        {
                          "token": {"string": "1", "tokenType": "INT_LITERAL", "line": 15, "col": 21, "file": "ForLoop.shtk"},
                          "children": [
                            {
                              "token": {"string": "1", "tokenType": "INT_LITERAL", "line": 15, "col": 21, "file": "ForLoop.shtk"},
                              "children": [
                                
                              ]
                            }
                          ]
                        }
                      ]
                    }
                  ]
                },
                {
                  "token": {"string": "i", "tokenType": "IDENTIFIER", "line": 15, "col": 24, "file": "ForLoop.shtk"},
                  "children": [
                    {
                      "token": {"string": "i", "tokenType": "IDENTIFIER", "line": 15, "col": 24, "file": "ForLoop.shtk"},
                      "children": [
                        {
                          "token": {"string": "i", "tokenType": "IDENTIFIER", "line": 15, "col": 24, "file": "ForLoop.shtk"},
                          "children": [
                            {
                              "token": {"string": "i", "tokenType": "IDENTIFIER", "line": 15, "col": 24, "file": "ForLoop.shtk"},
                              "children": [
                                
                              ]
                            }
                          ]
                        }
                      ]
                    },
                    {
                      "token": {"string": "<", "tokenType": "LESS_THAN", "line": 15, "col": 26, "file": "ForLoop.shtk"},
                      "children": [
                        
                      ]
                    },
                    {
                      "token": {"string": "10", "tokenType": "INT_LITERAL", "line": 15, "col": 28, "file": "ForLoop.shtk"},
                      "children": [
                        {
                          "token": {"string": "10", "tokenType": "INT_LITERAL", "line": 15, "col": 28, "file": "ForLoop.shtk"},
                          "children": [
                            {
                              "token": {"string": "10", "tokenType": "INT_LITERAL", "line": 15, "col": 28, "file": "ForLoop.shtk"},
                              "children": [
                                
                              ]
                            }
                          ]
                        }
                      ]
                    }
                  ]
                },
                {
                  "token": {"string": "i", "tokenType": "IDENTIFIER", "line": 15, "col": 32, "file": "ForLoop.shtk"},
                  "children": [
                    {
                      "token": {"string": "i", "tokenType": "IDENTIFIER", "line": 15, "col": 32, "file": "ForLoop.shtk"},
                      "children": [
                        {
                          "token": {"string": "i", "tokenType": "IDENTIFIER", "line": 15, "col": 32, "file": "ForLoop.shtk"},
                          "children": [
                            
                          ]
                        }
                      ]
                    },
                    {
                      "token": {"string": "+=", "tokenType": "PLUS_EQUAL", "line": 15, "col": 34, "file": "ForLoop.shtk"},
                      "children": [
                        
                      ]
                    },
                    {
                      "token": {"string": "1", "tokenType": "INT_LITERAL", "line": 15, "col": 37, "file": "ForLoop.shtk"},
                      "children": [
                        {
                          "token": {"string": "1", "tokenType": "INT_LITERAL", "line": 15, "col": 37, "file": "ForLoop.shtk"},
                          "children": [
                            {
                              "token": {"string": "1", "tokenType": "INT_LITERAL", "line": 15, "col": 37, "file": "ForLoop.shtk"},
                              "children": [
                                
                              ]
                            }
                          ]
                        }
                      ]
                    }
                  ]
                },
                {
                  "token": {"string": "{", "tokenType": "OPEN_BRACE", "line": 15, "col": 39, "file": "ForLoop.shtk"},
                  "children": [
                    {
                      "token": {"string": "println", "tokenType": "PRINTLN", "line": 16, "col": 8, "file": "ForLoop.shtk"},
                      "children": [
                        {
                          "token": {"string": "i", "tokenType": "IDENTIFIER", "line": 16, "col": 16, "file": "ForLoop.shtk"},
                          "children": [
                            {
                              "token": {"string": "i", "tokenType": "IDENTIFIER", "line": 16, "col": 16, "file": "ForLoop.shtk"},
                              "children": [
                                {
                                  "token": {"string": "i", "tokenType": "IDENTIFIER", "line": 16, "col": 16, "file": "ForLoop.shtk"},
                                  "children": [
                                    
                                  ]
                                }
                              ]
                            }
                          ]
                        }
                      ]
                    }
                  ]
                }
              ]
            }
          ]
        }
      ]
    }
  ]
}