{
  "type": "PROGRAM",
  "token": {"string": "", "tokenType": "NONE", "line": 0, "col": 0, "file": ""},
  "children": [
    {
      "type": "FUNCTION",
      "token": {"string": "fn", "tokenType": "FUNCTION", "line": 1, "col": 0, "file": "GenericType.shtk"},
      "children": [
        {
          "type": "IDENTIFIER",
          "token": {"string": "main", "tokenType": "IDENTIFIER", "line": 1, "col": 3, "file": "GenericType.shtk"},
          "children": [
            
          ]
        },
        {
          "type": "IDENTIFIER",
          "token": {"string": "int", "tokenType": "IDENTIFIER", "line": 1, "col": 13, "file": "GenericType.shtk"},
          "children": [
            
          ]
        },
        {
          "type": "BLOCK",
          "token": {"string": "{", "tokenType": "OPEN_BRACE", "line": 2, "col": 0, "file": "GenericType.shtk"},
          "children": [
            {
              "type": "VAR",
              "token": {"string": "var", "tokenType": "VAR", "line": 3, "col": 4, "file": "GenericType.shtk"},
              "children": [
                {
                  "type": "IDENTIFIER",
                  "token": {"string": "a", "tokenType": "IDENTIFIER", "line": 3, "col": 8, "file": "GenericType.shtk"},
                  "children": [
                    
                  ]
                },
                {
                  "type": "IDENTIFIER",
                  "token": {"string": "Foobar", "tokenType": "IDENTIFIER", "line": 3, "col": 11, "file": "GenericType.shtk"},
                  "children": [
                    
                  ]
                },
                {
                  "type": "GENERIC_TYPE_PARAM",
                  "token": {"string": "foo", "tokenType": "IDENTIFIER", "line": 3, "col": 18, "file": "GenericType.shtk"},
                  "children": [
                    {
                      "type": "MODULE",
                      "token": {"string": "foo", "tokenType": "IDENTIFIER", "line": 3, "col": 18, "file": "GenericType.shtk"},
                      "children": [
                        
                      ]
                    },
                    {
                      "type": "IDENTIFIER",
                      "token": {"string": "bar", "tokenType": "IDENTIFIER", "line": 3, "col": 23, "file": "GenericType.shtk"},
                      "children": [
                        
                      ]
                    },
                    {
                      "type": "GENERIC_TYPE_PARAM",
                      "token": {"string": "bar", "tokenType": "IDENTIFIER", "line": 3, "col": 27, "file": "GenericType.shtk"},
                      "children": [
                        {
                          "type": "IDENTIFIER",
                          "token": {"string": "bar", "tokenType": "IDENTIFIER", "line": 3, "col": 27, "file": "GenericType.shtk"},
                          "children": [
                            
                          ]
                        }
                      ]
                    },
                    {
                      "type": "GENERIC_TYPE_PARAM",
                      "token": {"string": "int", "tokenType": "IDENTIFIER", "line": 3, "col": 32, "file": "GenericType.shtk"},
                      "children": [
                        {
                          "type": "IDENTIFIER",
                          "token": {"string": "int", "tokenType": "IDENTIFIER", "line": 3, "col": 32, "file": "GenericType.shtk"},
                          "children": [
                            
                          ]
                        }
                      ]
                    },
                    {
                      "type": "GENERIC_TYPE_PARAM",
                      "token": {"string": "float", "tokenType": "IDENTIFIER", "line": 3, "col": 37, "file": "GenericType.shtk"},
                      "children": [
                        {
                          "type": "IDENTIFIER",
                          "token": {"string": "float", "tokenType": "IDENTIFIER", "line": 3, "col": 37, "file": "GenericType.shtk"},
                          "children": [
                            
                          ]
                        }
                      ]
                    }
                  ]
                },
                {
                  "type": "GENERIC_TYPE_PARAM",
                  "token": {"string": "bar", "tokenType": "IDENTIFIER", "line": 3, "col": 45, "file": "GenericType.shtk"},
                  "children": [
                    {
                      "type": "IDENTIFIER",
                      "token": {"string": "bar", "tokenType": "IDENTIFIER", "line": 3, "col": 45, "file": "GenericType.shtk"},
                      "children": [
                        
                      ]
                    },
                    {
                      "type": "GENERIC_TYPE_PARAM",
                      "token": {"string": "bar", "tokenType": "IDENTIFIER", "line": 3, "col": 49, "file": "GenericType.shtk"},
                      "children": [
                        {
                          "type": "MODULE",
                          "token": {"string": "bar", "tokenType": "IDENTIFIER", "line": 3, "col": 49, "file": "GenericType.shtk"},
                          "children": [
                            
                          ]
                        },
                        {
                          "type": "IDENTIFIER",
                          "token": {"string": "bar", "tokenType": "IDENTIFIER", "line": 3, "col": 54, "file": "GenericType.shtk"},
                          "children": [
                            
                          ]
                        }
                      ]
                    },
                    {
                      "type": "GENERIC_TYPE_PARAM",
                      "token": {"string": "foo", "tokenType": "IDENTIFIER", "line": 3, "col": 59, "file": "GenericType.shtk"},
                      "children": [
                        {
                          "type": "MODULE",
                          "token": {"string": "foo", "tokenType": "IDENTIFIER", "line": 3, "col": 59, "file": "GenericType.shtk"},
                          "children": [
                            
                          ]
                        },
                        {
                          "type": "MODULE",
                          "token": {"string": "foo", "tokenType": "IDENTIFIER", "line": 3, "col": 64, "file": "GenericType.shtk"},
                          "children": [
                            
                          ]
                        },
                        {
                          "type": "IDENTIFIER",
                          "token": {"string": "foo", "tokenType": "IDENTIFIER", "line": 3, "col": 69, "file": "GenericType.shtk"},
                          "children": [
                            
                          ]
                        }
                      ]
                    },
                    {
                      "type": "GENERIC_TYPE_PARAM",
                      "token": {"string": "bar", "tokenType": "IDENTIFIER", "line": 3, "col": 74, "file": "GenericType.shtk"},
                      "children": [
                        {
                          "type": "IDENTIFIER",
                          "token": {"string": "bar", "tokenType": "IDENTIFIER", "line": 3, "col": 74, "file": "GenericType.shtk"},
                          "children": [
                            
                          ]
                        }
                      ]
                    }
                  ]
                },
                {
                  "type": "GENERIC_TYPE_PARAM",
                  "token": {"string": "bar", "tokenType": "IDENTIFIER", "line": 3, "col": 80, "file": "GenericType.shtk"},
                  "children": [
                    {
                      "type": "IDENTIFIER",
                      "token": {"string": "bar", "tokenType": "IDENTIFIER", "line": 3, "col": 80, "file": "GenericType.shtk"},
                      "children": [
                        
                      ]
                    }
                  ]
                }
              ]
            },
            {
              "type": "VAR",
              "token": {"string": "var", "tokenType": "VAR", "line": 5, "col": 4, "file": "GenericType.shtk"},
              "children": [
                {
                  "type": "IDENTIFIER",
                  "token": {"string": "b", "tokenType": "IDENTIFIER", "line": 5, "col": 8, "file": "GenericType.shtk"},
                  "children": [
                    
                  ]
                },
                {
                  "type": "IDENTIFIER",
                  "token": {"string": "Foo", "tokenType": "IDENTIFIER", "line": 5, "col": 11, "file": "GenericType.shtk"},
                  "children": [
                    
                  ]
                },
                {
                  "type": "GENERIC_TYPE_PARAM",
                  "token": {"string": "int", "tokenType": "IDENTIFIER", "line": 5, "col": 15, "file": "GenericType.shtk"},
                  "children": [
                    {
                      "type": "MODULE",
                      "token": {"string": "int", "tokenType": "IDENTIFIER", "line": 5, "col": 15, "file": "GenericType.shtk"},
                      "children": [
                        
                      ]
                    },
                    {
                      "type": "IDENTIFIER",
                      "token": {"string": "bar", "tokenType": "IDENTIFIER", "line": 5, "col": 20, "file": "GenericType.shtk"},
                      "children": [
                        
                      ]
                    },
                    {
                      "type": "GENERIC_TYPE_PARAM",
                      "token": {"string": "bar", "tokenType": "IDENTIFIER", "line": 5, "col": 24, "file": "GenericType.shtk"},
                      "children": [
                        {
                          "type": "IDENTIFIER",
                          "token": {"string": "bar", "tokenType": "IDENTIFIER", "line": 5, "col": 24, "file": "GenericType.shtk"},
                          "children": [
                            
                          ]
                        }
                      ]
                    },
                    {
                      "type": "GENERIC_TYPE_PARAM",
                      "token": {"string": "foo", "tokenType": "IDENTIFIER", "line": 5, "col": 29, "file": "GenericType.shtk"},
                      "children": [
                        {
                          "type": "IDENTIFIER",
                          "token": {"string": "foo", "tokenType": "IDENTIFIER", "line": 5, "col": 29, "file": "GenericType.shtk"},
                          "children": [
                            
                          ]
                        }
                      ]
                    }
                  ]
                },
                {
                  "type": "GENERIC_TYPE_PARAM",
                  "token": {"string": "float", "tokenType": "IDENTIFIER", "line": 5, "col": 35, "file": "GenericType.shtk"},
                  "children": [
                    {
                      "type": "IDENTIFIER",
                      "token": {"string": "float", "tokenType": "IDENTIFIER", "line": 5, "col": 35, "file": "GenericType.shtk"},
                      "children": [
                        
                      ]
                    }
                  ]
                },
                {
                  "type": "POINTER_STAR",
                  "token": {"string": "*", "tokenType": "MULTIPLY", "line": 5, "col": 41, "file": "GenericType.shtk"},
                  "children": [
                    
                  ]
                }
              ]
            },
            {
              "type": "VAR",
              "token": {"string": "var", "tokenType": "VAR", "line": 7, "col": 4, "file": "GenericType.shtk"},
              "children": [
                {
                  "type": "IDENTIFIER",
                  "token": {"string": "c", "tokenType": "IDENTIFIER", "line": 7, "col": 8, "file": "GenericType.shtk"},
                  "children": [
                    
                  ]
                },
                {
                  "type": "IDENTIFIER",
                  "token": {"string": "Foo", "tokenType": "IDENTIFIER", "line": 7, "col": 11, "file": "GenericType.shtk"},
                  "children": [
                    
                  ]
                },
                {
                  "type": "GENERIC_TYPE_PARAM",
                  "token": {"string": "int", "tokenType": "IDENTIFIER", "line": 7, "col": 15, "file": "GenericType.shtk"},
                  "children": [
                    {
                      "type": "MODULE",
                      "token": {"string": "int", "tokenType": "IDENTIFIER", "line": 7, "col": 15, "file": "GenericType.shtk"},
                      "children": [
                        
                      ]
                    },
                    {
                      "type": "IDENTIFIER",
                      "token": {"string": "bar", "tokenType": "IDENTIFIER", "line": 7, "col": 20, "file": "GenericType.shtk"},
                      "children": [
                        
                      ]
                    },
                    {
                      "type": "GENERIC_TYPE_PARAM",
                      "token": {"string": "bar", "tokenType": "IDENTIFIER", "line": 7, "col": 24, "file": "GenericType.shtk"},
                      "children": [
                        {
                          "type": "IDENTIFIER",
                          "token": {"string": "bar", "tokenType": "IDENTIFIER", "line": 7, "col": 24, "file": "GenericType.shtk"},
                          "children": [
                            
                          ]
                        }
                      ]
                    },
                    {
                      "type": "GENERIC_TYPE_PARAM",
                      "token": {"string": "foo", "tokenType": "IDENTIFIER", "line": 7, "col": 29, "file": "GenericType.shtk"},
                      "children": [
                        {
                          "type": "IDENTIFIER",
                          "token": {"string": "foo", "tokenType": "IDENTIFIER", "line": 7, "col": 29, "file": "GenericType.shtk"},
                          "children": [
                            
                          ]
                        }
                      ]
                    }
                  ]
                },
                {
                  "type": "GENERIC_TYPE_PARAM",
                  "token": {"string": "float", "tokenType": "IDENTIFIER", "line": 7, "col": 35, "file": "GenericType.shtk"},
                  "children": [
                    {
                      "type": "IDENTIFIER",
                      "token": {"string": "float", "tokenType": "IDENTIFIER", "line": 7, "col": 35, "file": "GenericType.shtk"},
                      "children": [
                        
                      ]
                    }
                  ]
                },
                {
                  "type": "EMPTY_SUBSCRIPT",
                  "token": {"string": "[]", "tokenType": "EMPTY_SUBSCRIPT", "line": 7, "col": 41, "file": "GenericType.shtk"},
                  "children": [
                    
                  ]
                }
              ]
            },
            {
              "type": "RETURN",
              "token": {"string": "return", "tokenType": "RETURN", "line": 9, "col": 4, "file": "GenericType.shtk"},
              "children": [
                {
                  "type": "EXPRESSION",
                  "token": {"string": "0", "tokenType": "INT_LITERAL", "line": 9, "col": 11, "file": "GenericType.shtk"},
                  "children": [
                    {
                      "type": "TERM",
                      "token": {"string": "0", "tokenType": "INT_LITERAL", "line": 9, "col": 11, "file": "GenericType.shtk"},
                      "children": [
                        {
                          "type": "LITERAL",
                          "token": {"string": "0", "tokenType": "INT_LITERAL", "line": 9, "col": 11, "file": "GenericType.shtk"},
                          "children": [
                            
                          ]
                        }
                      ]
                    }
                  ]
                }
              ]
            }
          ]
        }
      ]
    }
  ]
}